I_TELEPORT = 0
I_SPAWN_BARRACK_CHARACTER = 1
I_GFX_COMMAND = 17
I_GFX_ADMIN_COMMAND = 18
I_INPUT_COMMAND = 19
I_MOVE_KEY = 20
I_SKILL_KEY = 21
I_CLOSE_SERVER_CONNECTION = 22
S_UPDATE_LICENSE = 10032
S_UPDATE_EXP_LEVEL = 10034
S_UPDATE_PROF_MINERAL = 10036
S_UPDATE_PROF_BUG = 10037
S_UPDATE_PROF_ENERGY = 10038
S_UPDATE_PROF_HERB = 10039
S_UPDATE_USER_PKDECLARECOUNT = 10041
S_UPDATE_USER_PKPOINT = 10043
S_UPDATE_USER_PKDECLARECOUNT2 = 10189
C_CHECK_VERSION = 19900
S_CHECK_VERSION = 19901
C_ASK_INTERACTIVE = 20024
S_STR_EVALUATE_LIST = 20031
C_GROUP_DUEL_RECORD = 20099
C_SHOW_ITEM_TOOLTIP_EX = 20100
C_REQUEST_SELL_LIST = 20123
S_ADMIN_GET_USERINFO_INVEN = 20136
S_UPDATE_PARTY_MEMBER_QUEST_DATA = 20160
S_PLAY_SOUND = 20164
C_DEL_INTER_PARTY_MATCH_POOL = 20207
C_FLOATING_CASTLE_PARTS_STORE_BUY_ADD_BASKET = 20257
S_VIEW_BATTLE_FIELD_RANKING = 20258
S_BATTLE_FIELD_NPC_KILL_EVENT = 20261
C_SLASH_COMMAND = 20279
S_RESPONSE_ACCESSORY_COST_INFO = 20305
C_UNMOUNT_VEHICLE = 20320
C_PARTY_MATCH_WINDOW_CLOSED = 20333
C_GET_EVENT_DETAIL = 20356
C_SHARE_USER_PING = 20403
C_RENAME_TELEPORT_TO_POS_LIST = 20424
S_NPC_PART_BLINK = 20434
C_RQ_DEL_ITEM_FROM_DECOMPOSITION_CONTRACT = 20437
C_PUT_INTO_PRISON = 20439
S_STORE_BASKET = 20555
C_VISIT_NEW_SECTION = 20557
C_BIND_ITEM_EXECUTE = 20563
S_KUMAS_BOSS_BATTLE_FIELD_RESULT = 20582
S_CANNON_BATTLE_FIELD_STRONGHOLD_INFO = 20601
C_BATTLE_FIELD_HELP = 20615
C_REVIVE_NOW = 20634
S_SKILL_LIST = 20645
S_PLAYTIME = 20671
S_CHECK_TO_DECLARE_GUILD_WAR = 20678
C_VEHICLE_EX_ARROW_HIT = 20730
S_SHARE_USER_PING = 20737
C_PRESS_SKILL = 20765
C_UNREGISTER_EVOLUTION_ITEM = 20768
C_REQUEST_TOKEN_TARGET_ITEM = 20791
S_GUILD_NAME = 20844
S_DUEL_TIME = 20862
S_VM_BUY_BASKET_INFO = 20909
C_VIEW_DUNGEONWORK_STORE = 20970
C_SPAWN_BUILD_OBJECT = 20977
S_DELETE_AWAKEN_CHANGE_DATA = 20980
C_REIGN_INFO = 20992
S_SYSTEM_MESSAGE_LOOT_SPECIAL_ITEM = 20994
S_LEAVE_GUILD = 21020
S_PET_INCUBATOR_PROGRESS = 21071
S_WORLD_OF_TANK_BATTLE_FIELD_BOARD = 21074
C_DUNGEON_WORK_POINT_STORE_BUY_DEL_BASKET = 21128
S_REIGN_INFO = 21151
S_SYS_PARTY_INFO = 21158
S_REJECT_CONTRACT = 21169
S_GMEVENT_END_EVENT = 21195
S_SCENARIO_DUNGEON_UI = 21213
C_CLEAR_SEND_PARCEL = 21287
C_DELIVERY_STORE_COMMIT = 21301
S_BOARD_ITEM_LIST = 21318
S_ADMIN_GET_USER_INFO_BY_DBID = 21324
C_START_COMBINE_ITEM = 21326
S_ENABLE_CHARM_STATUS = 21342
S_USE_JUMPGEAR = 21348
S_DEFAULT_ANIM_CHANGE = 21352
S_DESPAWN_SHUTTLE = 21363
S_INGAMESHOP_PRODUCT_END = 21426
C_POINT_STORE_COMMIT = 21470
C_CANCEL_RETURN_TO_LOBBY = 21472
S_NOCTAN_VARIATION_INFO = 21498
C_SKILL_LEARN_REQUEST = 21533
C_CHECK_EXTRACT = 21547
S_ACTIVATE_CARD_COMBINE_LIST = 21600
C_ADMIN_HOLD_CHARACTER = 21617
C_DEL_CRYSTAL_COMBINE_MATERIAL = 21638
S_SECOND_PASSWORD_AUTH_RESULT = 21639
S_PK_READY = 21644
S_NPC_SCALE = 21647
S_DESPAWN_NPC = 21656
S_DELETE_COUPON = 21773
S_USER_ITEM_EQUIP_CHANGER = 21777
C_AWESOMIUM_WEB_COUNTING = 21780
S_FIELD_EVENT_ON_LEAVE = 21812
S_PLAYER_LACK_OF_ACTPOINT = 21823
C_REQUEST_GUILD_MEMBER_LIST = 21863
S_GHOST = 21872
C_MERGE_ITEM_EXECUTE = 21885
S_LEAVE_PARTY = 21911
C_CHECK_TO_DECLARE_GUILD_WAR = 21917
S_SEND_USER_PLAY_TIME = 21930
C_ASK_HANCOIN_AMOUNT = 22021
S_VEHICLE_EX_ARROW = 22036
C_SHOW_NAME_PLATE_ICON = 22055
C_ADMIN_GM_MAPTELEPORT = 22077
S_LORD_OPEN_CANDIDATE_WINDOW = 22091
S_CHANGE_DESTPOS_PROJECTILE = 22118
C_REQUEST_USABLE_CHARACTER_NAME = 22199
S_TERRITORY_STEP_ENTER = 22236
C_KICK_CHANNEL_MEMBER = 22237
C_CHANGE_CARD_PRESET = 22245
S_RELEASE_FROM_PRISON = 22256
S_VIEW_BATTLE_FIELD_RESULT = 22274
S_CURR_FLY_MOVE_INFO = 22286
S_REQUEST_FLOATING_CASTLE_PARTS_COOL_TIME = 22288
S_REQUEST_CHANGE_PARTY_MATCH_RULE = 22289
S_FIX_VEHICLE_PROGRESS = 22314
C_STORE_SELL_ADD_BASKET = 22331
S_ARENA_FIGHT_ABNORMALITY_END = 22431
C_LORD_VOTE = 22443
S_ACTION_STAGE = 22450
C_WHISPER = 22485
S_CAN_CREATE_USER = 22518
S_RESULT_CHANGE_DUAL_OPTION_IDX = 22523
S_CANT_FLY_ANYMORE = 22529
S_SHORTCUT_CHANGE = 22563
C_TRY_ITEM_BIDDING = 22582
S_GROUP_DUEL_INIT = 22628
S_LIST_PARCEL = 22668
S_OPEN_AWESOMIUM_WEB_URL = 22692
S_MINIGAME_END = 22709
C_REQUEST_GUILD_PERK_LIST = 22742
S_XIGNCODE_SECURITY_DATA = 22753
C_ADMIN_REQUEST_DEFAULT_BOOKMARK = 22755
C_SHOW_STYLE = 22812
C_REGISTER_COMBINE_ITEM = 22870
C_PET_USE_ORB = 22897
S_PRIVATE_CHAT = 22974
S_COMBATLOG_COMBAT_ENGAGED_MONSTER_LIST = 22999
S_GROUP_NPC_LOCATION = 23008
S_ADD_CRYSTAL_COMBINE_MATERIAL = 23010
C_CHANGE_LOOKS_PREMIUM_TRY = 23037
C_PREPARE_WORKOBJECT = 23069
C_CHANGE_EQUIP_PRESET = 23073
S_EP_SYSTEM_DAILY_EVENT_EXP_ON_OFF = 23098
S_CHANGE_SERVANT_CONDITIONAL_SKILL = 23105
S_PROMOTION_PROCESS = 23126
S_BATTLE_FIELD_ENTRANCE_INFO = 23134
S_TRADE_BOX = 23144
C_DISMISS_PARTY = 23160
C_RQ_COMMIT_DECOMPOSITION_CONTRACT = 23188
S_CITY_WAR_NPC_INFO = 23195
S_NPCGUILD_LIST = 23214
S_DARK_RIFT_DESPAWN_WORLD_NOTI = 23258
S_USE_RIGHT_ITEM = 23281
S_INIT_KUMAS_BOSS_INFO = 23287
S_REQUEST_JOIN_GUILD_NOTICE = 23299
S_UPDATE_GUILD_GROUP = 23304
C_REQUEST_GUILD_INFO = 23343
C_SHOW_ITEMLIST = 23402
S_RESULT_EQUIPMENT_INHERITANCE = 23409
S_PARTY_MEMBER_CHARM_RESET = 23413
S_SKILL_LEARN_LIST = 23497
S_NPC_PARTIAL_DESTRUCT = 23509
S_OPEN_DUAL_OPTION_MATERIAL_INFO = 23530
S_SPAWN_PET = 23546
C_TRADE_BROKER_CALC_SOLD_ITEM = 23572
S_PLAYER_CUSTOM_ITEM_SLOT = 23608
S_START_CLIMBING = 23657
C_ADMIN_CHAT_BAN = 23741
S_LIST_CHANNEL = 23769
C_ADMIN_ADD_CUSTOM_BOOKMARK = 23774
S_ADMIN_DELETE_QUEST = 23785
S_PREPARE_INGAME_CHANGE_USER_APPEARANCE = 23796
S_GMEVENT_RECV_REWARD = 23808
C_EDIT_PRIVATE_CHANNEL = 23833
C_SET_TARGET_INFO = 23839
S_EQUIP_SERVANT_ITEM = 23850
S_VISITED_SECTION_LIST = 23921
C_MEDAL_STORE_BUY_ADD_BASKET = 23971
C_REQUEST_COUPON_LIST = 23990
S_SHOW_GAGE = 24017
C_EXTRACT_REGISTER_ITEM = 24019
S_OPEN_VM_SELLBUY_WINDOW = 24023
C_CONFIRM_UPDATE_NOTIFICATION = 24031
S_VOID_GUARD_INFO = 24048
S_OPEN_BOARD = 24095
S_SWITCH_INFO = 24096
S_BEGIN_THROUGH_ARBITER_CONTRACT = 24100
S_ABNORMALITY_DAMAGE_ABSORB = 24108
S_FIELD_POINT_INFO = 24120
S_SYSTEM_MESSAGE = 24122
S_DARK_RIFT_DESTORY_OBJECT = 24139
S_PLAYER_CHANGE_DRAIN = 24158
S_BUY_INGAMESTORE_MONEYPRODUCT = 24173
S_INIT_STRONGHOLD_OCCUPATION_BATTLE_FIELD = 24224
C_DECOMPOSE_UNREGISTER_ITEM = 24309
C_ADMIN_REMOVE_CUSTOM_BOOKMARK = 24337
C_REQUEST_PLAYTIME = 24347
S_HOLD_ABNORMALITY_ADD = 24355
S_DEL_TRADE_BAG = 24384
S_MYTHICCRAFT_REGISTER_MATERIAL_ITEM = 24400
C_FIELD_EVENT_BAN = 24433
S_MOVE_SHUTTLE = 24497
S_VERSION_INFO = 24517
S_CREST_INFO = 24525
S_KNOCK_BACK = 24533
C_SET_RECIPE_BOOKMARK = 24558
S_END_STYLE_SHOP_MARK_PRODUCT = 24575
S_GUARDTOWER_ATTACK_ALARM = 24576
C_DESPAWN_BUILD_OBJECT = 24591
S_MINIGAME_RANK_END_POINT = 24602
S_REGISTER_REPAIR_ITEM = 24628
C_STOP_FISHING = 24650
C_REQUEST_CHANGE_PARTY_MATCH_RULE = 24652
S_SHOW_USER_EP_INFO = 24657
S_ACTION_END = 24674
S_PROTECT = 24677
S_SEND_VIP_SYSTEM_INFO = 24734
S_SPAWN_SHUTTLE = 24764
S_USER_BLOCK_LIST = 24786
S_VISIT_NEW_TEL_CAMP = 24790
C_PDH_QUERY = 24791
C_SET_POS = 24806
S_BETTING_START = 24820
S_UPDATE_NPCGUILD = 24858
C_FLOATING_CASTLE_PARTS_STORE_BUY_DEL_BASKET = 24908
S_ARENA_FIGHT_ABNORMALITY_REFRESH = 24923
C_STORE_SELL_DEL_BASKET = 24933
C_REQUEST_DICE_THROW = 25016
C_NOTIFY_LOCATION_IN_REACTION = 25027
C_REJECT_CONTRACT = 25055
S_OPEN_GUILD_LOGO_WINDOW = 25066
C_NOTIFY_LOCATION_IN_ACTION = 25092
S_NOTIFY_DISCONNECT_BY_LEVEL_LIMIT = 25100
S_DUNGEON_WORK_POINT_STORE_SELL_LIST = 25127
C_CUSTOM_USER_CUSTOMIZING = 25224
S_STAGE_RESULT = 25230
S_USER_EXTERNAL_CHANGE = 25235
S_DESPAWN_WORKOBJECT = 25245
C_COMBINE_ITEM = 25254
S_PLAY_MAGNETIC = 25264
C_SWAP_PARTY = 25269
C_PET_ORB_ATTACH = 25331
S_WHISPER = 25398
S_STICK_TO_USER_END = 25410
S_UPDATE_FRIENDSHIP_GAGE = 25418
S_CANNOT_EQUIP_SAMEKIND = 25464
S_INVITE_FRIEND_CODE = 25475
S_MOUNT_VEHICLE_EX = 25495
S_GUILD_ANNOUNCE = 25515
S_GUILD_WARE_HISTORY = 25545
S_LEAVE_CITY_WAR = 25548
S_LOAD_CHAT_SETTING = 25550
S_USER_PVP_RANKING = 25611
S_BATTLE_FIELD_HELP = 25625
S_REQUEST_CITY_WAR_MAP_INFO_END = 25645
S_REQUEST_DUNGEON_MATCHING_UI = 25664
S_LOAD_DUNGEON_SOUND_HINT = 25699
S_GET_USER_LIST = 25755
S_SKILL_CHASE_EFFECT_TARGET = 25772
C_REGISTER_VM_BUY_ITEM = 25773
S_PLAYER_CHANGE_ALL_PROF = 25811
S_LOGOUT_PARTY_MEMBER = 25821
S_RESULT_INGAME_CHANGE_USER_APPEARANCE = 25854
C_CHECK_RTT = 25914
S_CHECK_TO_RAISE_GUILD_WAR = 25944
C_PREMIUM_COMPOSE_TRY = 25963
C_UPDATE_REACTION_POS = 25974
C_TRADE_BROKER_WAITING_ITEM_LIST_SORT = 25981
C_REMOVE_ITEM_FROM_VM_SELL_BASKET = 26048
S_DESPAWN_GAMBLE_BOX = 26074
C_STOP_VM = 26099
C_VIEW_INTER_PARTY_MATCH_BATTLEFIELD_LIST = 26134
S_NOTIFY_VM_STATUS = 26147
S_DARK_RIFT_DEFENCE_OBJECT_CHANGE_HP = 26165
S_GUILD_LEVEL_INFO_CHANGED = 26181
C_BATTLE_FIELD_REWARD = 26186
C_START_INSTANCE_SKILL = 26233
C_SKILL_LEARN_LIST = 26242
S_COMPLETE_QUEST = 26261
C_START_GUILD_SKILL = 26288
C_UPDATE_FRIEND_INFO = 26306
C_GAMBLE_CANCEL = 26309
S_RESET_GUILD_PERK = 26310
S_EMPTY_GUILD_WINDOW = 26323
S_DESPAWN_DOOR = 26329
C_REWRITE_ITEM_STRING = 26338
C_RESET_EP_PERK = 26405
C_PROMOTION_INFO = 26420
C_DELETE_COUPON = 26480
C_TRADE_BROKER_HISTORY_ITEM_LIST_PAGE = 26505
C_RIDE_PEGASUS = 26507
S_VOTE_HISTORY = 26515
C_REQUEST_FINISH_GUILD_QUEST = 26528
S_SET_RECIPE_BOOKMARK = 26588
S_ASK_BANNING_PARTY_MEMBER = 26636
C_SEND_PARCEL = 26644
C_LEAVE_TELEPORTTERRITORY = 26674
C_MAIN_MENU_COMMAND = 26678
S_UNICAST_TRANSFORM_DATA = 26697
S_PLAYER_CHANGE_FLIGHT_ENERGY = 26706
C_BOARD_ITEM_LIST = 26716
S_UPDATE_KUMAS_BATTLE_FIELD_TREASURE_INFO = 26722
C_DELETE_FRIEND = 26777
C_BUY_VILLAGER_BUFF = 26792
S_ACCOUNT_BENEFIT_LIST = 26818
S_UPDATE_CONTENTS_ON_OFF = 26843
S_PROMOTION_INFO = 26916
S_MAIN_MENU_COMMAND = 26932
S_REPLY_CLIENT_CHAT_OPTION_SETTING = 26938
S_DUNGEON_COOL_TIME_LIST = 26978
S_START_FIX_VEHICLE = 26983
C_BATTLE_FIELD_POINT_STORE_BUY_ADD_BASKET = 26988
S_CAN_DUNGEON_RETRY = 27020
S_BATTLE_FIELD_USER_OCCUPIABLE_LEAVE = 27027
C_LOAD_TOPO_FIN = 27043
S_PRECONFIRM_INVITE_CODE = 27048
S_DARK_RIFT_CLEAR_MAP_MARKER_WORLD_NOTI = 27089
S_UPDATE_GUILD_TOWER_INFO = 27090
C_VEHICLEEX_LOCATION = 27095
S_UPDATE_VM_SETTING_WINDOW = 27115
C_MYTHICCRAFT_REGISTER_TARGET_ITEM = 27129
S_PREMIUM_COMPOSE_RESET = 27160
C_EXECUTE_AWAKEN = 27180
C_LOGIN_ARBITER = 27184
C_BUY_INGAMESTORE_MONEYPRODUCT = 27186
C_ADD_TELEPORT_TO_POS_LIST = 27187
C_APPLY_INVEN_POCKET_SORT = 27207
S_FLOATING_CASTLE_PARTS_STORE_SELL_LIST = 27217
C_POLITICS_POINT_STORE_BUY_ADD_BASKET = 27256
S_VILLAGE_LIST_TO_TELEPORT = 27280
S_UPDATE_KUMAS_BOSS_POS = 27302
C_HARDWARE_INFO = 27306
S_FLOATING_CASTLE_PARTS_STORE_BASKET = 27314
C_TRADE_BROKER_REGISTERED_ITEM_LIST = 27323
S_END_FIX_VEHICLE = 27337
S_KUMAS_BATTLE_FIELD_LOOT_ITEM = 27346
S_CHANGE_FREE_FIGHT_BATTLE_FIELD_RANKING = 27374
S_BOSS_GAGE_PRIORITY = 27405
C_RAISE_GUILD_WAR = 27421
C_PREVIEW_ITEM = 27435
S_USER_PVE_RANKING = 27455
S_GMEVENT_OX_RESURRECT_RESULT = 27480
S_SET_SEND_PARCEL_ITEM = 27537
C_PLAYER_FLYING_LOCATION = 27540
C_ADMIN_GET_DUNGEON_USER_LIST = 27550
S_SHOW_CREST_LEARN = 27574
S_ADMIN_CHECK_USERNAME = 27618
C_REQUEST_OPEN_DUAL_OPTION_MATERIAL_INFO = 27712
S_INCREASE_SERVANT_STORAGE_COUNT = 27722
S_CONTENTS_TIMER = 27757
S_ADD_NEW_EVENT_MATCHING_QUEST = 27826
C_VOTE_RESET_ALL_DUNGEON = 27829
S_DELETE_QUEST = 27893
S_POST_PROCESS_MATERIAL = 27900
S_FREE_FIGHT_BATTLE_FIELD_BOARD = 27929
C_ACTIVATE_CARD_COMBINE_LIST = 27948
C_DUNGEON_COOL_TIME_LIST = 27957
S_SHOW_ITEM_TOOLTIP = 27982
C_DEL_ITEM = 27988
S_REQUEST_JOINED_CHANNEL_LIST = 28028
S_PARTY_MEMBER_ABNORMAL_CLEAR = 28034
S_NPC_CHANGE_MESH = 28041
S_APPLY_TITLE = 28050
S_RP_SKILL_POLISHING_UNLOCK_OPTION = 28060
C_START_CUSTOMIZING_PARTS_SHAPE = 28069
S_REQUEST_CITY_WAR_MAP_INFO = 28089
C_START_COMBO_INSTANT_SKILL = 28146
S_DELETE_SERVANT = 28153
S_BATTLE_FIELD_STRONGHOLD_NONE_STATE = 28192
S_SYSTEM_MESSAGE_CUSTOM = 28200
S_SNOW_EVENT_BATTLE_FIELD_SPAWN_USER = 28260
C_CREST_APPLY_LIST = 28305
S_KUMAS_BATTLE_FIELD_RESULT = 28344
S_BATTLE_FIELD_USER_OCCUPIABLE_ENTER = 28361
C_SET_VISIBLE_RANGE = 28363
C_REQUEST_OTHERS_CARD_DATA = 28368
S_DONE_TEL_CAMP = 28379
C_PARTY_NOTIFY_MY_POSITION = 28390
C_AVAILABLE_EVENT_MATCHING_LIST = 28404
C_COLLECTION_PICKSTART = 28428
C_DUNGEON_WORK_POINT_STORE_BUY_ADD_BASKET = 28439
S_USER_LEVELUP = 28454
S_TOTAL_GUILD_WAR_DATA = 28457
C_REQUEST_ARENA_BETTING_INFO = 28478
S_FIN_ROUND_PVE_BATTLE_FIELD = 28505
S_GAMBLE_CHANGE_BET_ITEM = 28520
C_MEET_BOSS_INFO = 28536
C_COMBATLOG_USER_INFO_RESET = 28545
C_REQUEST_GUILD_LEVEL_RANKING = 28552
S_NOTIFY_BATTLE_FIELD_NPC_DESPAWN = 28623
C_PUT_WARE_ITEM = 28642
C_START_VM_SELL = 28643
C_REQUEST_RIGHT_ITEM_LIST = 28656
C_GET_WARE_ITEM = 28660
S_EVENT_DIALOG = 28720
S_LOGIN_ARBITER = 28721
C_REQUEST_RET_VILLAGE_INFO = 28750
S_DUNGEON_UI_HIGHLIGHT = 28755
S_FISHING_BITE = 28776
C_PREMIUM_COMPOSE_CANCEL = 28794
C_DELIVERY_STORE_ADD_BASKET = 28845
C_CREATE_GUILDGROUP = 28869
S_CREATURE_LIFE = 28874
S_PETITION_COMPLETE = 28907
C_CHANGE_POCKET_NAME = 28922
S_RESULT_GUILD_INCENTIVE = 28953
S_SEND_QUEST_ITEM_INFO = 28964
S_TRADE_BROKER_WAITING_ITEM_LIST = 29002
S_SPAWN_REMOTE_PROJECTILE = 29044
C_JOIN_PRIVATE_CHANNEL = 29049
C_COMMIT_FACE_BONE_DATA = 29126
S_HANCOIN_AMOUNT = 29134
C_REQUEST_DEMOLIST_GUILD_TOWER_POPUP = 29145
C_STR_EVALUATE_LIST = 29146
S_SPAWN_EVENT_SEED = 29147
S_RESPONSE_USE_PREMIUM_SLOT = 29149
S_FIN_ROUND_PVE_ROUND = 29192
C_MERGE_ITEM = 29228
S_BROADCAST_FLOATING_CASTLE_NAMEPLATE = 29248
S_DUNGEON_WORK_LIST = 29256
S_TRADE_BROKER_HIGHEST_ITEM_LEVEL = 29279
S_REQUEST_SECOND_PASSWORD_REGISTER = 29281
S_SPAWN_BUILD_OBJECT = 29373
C_ADD_CRYSTAL_COMBINE_MATERIAL = 29377
S_START_COOLTIME_ITEM = 29495
C_EQUIP_ITEM = 29541
S_PLAYER_CHANGE_PROF = 29547
S_DEFEND_SUCCESS = 29564
C_SECOND_PASSWORD_REGISTER = 29569
S_INSTANT_THROW = 29578
C_DUNGEON_RANK_SEASON_LIST = 29593
S_SHOW_CANDIDATE_LIST = 29608
S_REQUEST_INGAMESTORE_PRODUCT_DETAIL = 29673
S_NOTIFY_USER_SKILL_POLISHING_LEVEL_UP = 29681
C_PK_DECLARE = 29687
C_MEDAL_STORE_COMMIT = 29688
C_HIT_USER_PROJECTILE = 29717
S_STAGE_START = 29734
S_QA_SET_ADMIN_LEVEL = 29751
C_REQUEST_SET_GUILD_WANTED_WRITING = 29759
S_FISHING_CATCH_FAIL = 29775
S_CANCEL_PARTY_MEMBER_BAN = 29778
S_REQUEST_WRITE_BOARD_RESULT = 29789
S_DARK_RIFT_AVAILABLE_QUEST_USER_COUNT = 29802
C_START_FISHING_MINIGAME = 29812
S_CANNON_BATTLE_FIELD_CRASH_DOOR = 29830
S_START_CUSTOMIZING_PARTS_SHAPE = 29833
C_PREMIUM_COMPOSE_DEL_ITEM = 29842
S_LORD_REGISTER_INFO = 29857
C_START_FIX_VEHICLE = 29875
C_SETTLE_UP_BUY_VM = 29894
C_CREATE_GROUP_DUEL = 29904
C_REQUEST_SEREN_GUIDE = 29906
S_RIGHT_ITEM_LIST = 29942
S_LOGIN_ACCOUNT_INFO = 29955
S_NPC_SITUATION = 29960
C_PROMOTION_RESET = 29976
C_TRADE_BROKER_WAITING_ITEM_LIST_PAGE = 29979
S_PLAY_TIME = 30014
S_ASK_INTER_PARTY_MAKE = 30046
S_READY_PULL = 30057
C_ANS_QUEST_SHARE = 30059
S_DELIVERY_STORE_ITEM = 30060
C_CITY_WAR_SEASON_HISTROY = 30076
S_INVITE_COMPENSATION_GUIDE = 30094
S_START_CHANGE_USER_APPEARANCE = 30097
C_REQUEST_WRITE_BOARD = 30117
C_ENCHANT_BOOSTER_REGISTER_ITEM = 30118
S_PREMIUM_COMPOSE_START = 30121
S_REMOVE_CHARM_STATUS = 30123
C_LORD_REGISTER = 30127
S_BATTLE_FIELD_NODEPOINT_GAUGE_INFO = 30133
C_NOTIFY_SPIRIT_LOCATION_IN_ACTION = 30134
C_GAMBLE_STOP = 30143
S_ATTENDANCE_EVENT_REWARD_COUNT = 30159
S_ITEM_UNIDENTIFY_RESULT = 30165
C_LIST_PARCEL = 30198
C_REQUEST_USABLE_GUILD_NAME = 30207
S_ARENA_START_FIGHT = 30226
S_POLITICS_POINT_STORE_BASKET = 30231
S_ROUND_PVP_BATTLE_FIELD_BOARD = 30304
C_PRECONFIRM_INVITE_CODE = 30322
C_VOTE_DISMISS_PARTY = 30323
S_PRODUCE_CRITICAL = 30338
S_FISHING_STOP = 30345
C_PURCHASE_PROD = 30374
C_SOCIAL = 30415
S_INGAME_CHANGE_USER_APPEARANCE_CANCEL = 30416
S_JOIN_PRIVATE_CHANNEL = 30436
S_LOOT_DROPITEM = 30468
S_INGAMESHOP_CATEGORY_BEGIN = 30474
C_MYTHICCRAFT_UNREGISTER_TARGET_ITEM = 30480
C_GUILD_APPLY_LIST = 30485
C_UPDATE_GUILD_FLAG = 30523
S_ASK_TELEPORT = 30525
C_GET_AOI_INFO = 30527
C_TOGGLE_TASK_INFO_WINDOW = 30581
S_PETITION_CHAT_BEGIN = 30588
S_DIRECTION_WEAKNESS_BEGIN = 30594
S_PETITION_CREATE = 30629
C_USER_REPORT = 30630
S_SPAWN_WORKOBJECT = 30658
C_NPCGUILD_LIST = 30659
C_DUNGEON_WORK_ENTER = 30719
C_REQUEST_CANDIDATE_LIST = 30757
S_ADMIN_WARNING_MESSAGE = 30764
S_DESPAWN_EGG = 30800
S_RECV_PARCEL = 30869
S_GUILD_STORE_BASKET = 30889
S_RP_UPDATE_ITEM_TO_DECOMPOSITION_CONTRACT = 30900
S_SHOW_REVIVE_UI = 30932
S_START_CLIENT_CUSTOM_SKILL = 30942
C_SHOW_AWESOMIUMWEB_SHOP = 30969
S_MINIGAME_START = 31003
S_AIR_REACTION_END = 31053
S_CHANGE_POCKET_NAME = 31084
C_TRY_NPC_INTERACTION = 31089
C_REQUEST_PARTY_MATCH_INFO_PAGE = 31121
S_ENCHANT_BOOSTER_SUCCESS = 31167
S_END_STACK_ATTENDANCE_EVENT_INFO = 31208
S_DARK_RIFT_CHANGE_AREA_WORLD_NOTI = 31271
C_CHANGE_ITEM_COLORING_POTION = 31272
S_CHANGE_LOOT_ITEM_AMOUNT = 31295
S_DUNGEON_CAMERA_SET = 31343
S_GACHA_START = 31393
C_VIEW_BATTLE_FIELD_RESULT = 31430
S_RENAME_ITEMSTRING_START = 31460
S_END_THROUGH_ARBITER_CONTRACT = 31467
S_FIN_INTER_PARTY_MATCH = 31477
C_TRADE_BAG_DONE = 31507
S_RANK_MESSAGE = 31510
C_TRADE_BROKER_CALC_BOUGHT_ITEM = 31539
S_GET_EVENT_DETAIL = 31559
S_REQUEST_SERVANT_INFO_LIST = 31565
S_CREST_APPLY = 31622
S_USER_DEATH = 31630
S_LORD_OPEN_VOTE_WINDOW = 31699
C_SHOW_GUILD_QUEST_LIST = 31742
C_RECV_PARCEL = 31788
S_PLAYER_CHANGE_EP = 31820
C_ADMIN_KILL_NPC = 31834
S_CHANGE_PARTY_MANAGER = 31841
C_DELETE_PARCEL = 31935
S_VIEW_PARTY_INVITE = 32001
C_ADD_ITEM_TO_VM_SELL_BASKET = 32003
S_FINDNAME = 32014
S_DESTROY_GUILD = 32062
C_CURRENT_CHANNEL = 32064
S_REGISTER_ENCHANT_ITEM = 32082
S_CITY_WAR_SEASON_HISTROY = 32093
C_VIEW_BATTLEFIELD_STORE = 32163
C_TRADE_BROKER_INPUT_PRICE = 32195
S_INITIALIZE_AWESOMIUM = 32204
S_RETURN_PARCEL = 32235
S_RESULT_COMBINE_ITEM = 32343
C_CHANGE_CHANNEL_PASSWORD = 32363
C_OPEN_GUILD_WAR_WINDOW = 32377
C_RECOMMEND_USER_GUILD = 32399
S_DARK_RIFT_PROGRESS_STEP_WORLD_NOTI = 32455
S_RACE_CHANGE_RESTRICTION = 32476
C_ADMIN_REMOVE_NPC = 32485
S_KUMAS_BOSS_CHANGE_INFO = 32492
S_DESPAWN_DARK_RIFT_CLOUD = 32531
S_WORLD_QUEST_VILLAGER_INFO = 32536
C_BUY_INGAMESTORE_TCATPRODUCT = 32542
S_ADD_TO_TEMPER_MATERIAL_EX = 32564
C_REQUEST_CANCEL_GUILD_QUEST = 32567
S_REQUEST_UPDATE_CUSTOM_USER_CUSTOMIZING = 32576
S_START_PEGASUS = 32581
C_REQUEST_ACHIEVEMENT_LIST = 32599
C_REQUEST_NAME_PREEMPTION = 32648
C_TRADE_BROKER_CLOSE = 32652
S_TRADE_BROKER_CALC_BOUGHT_ITEM = 32678
C_ROLLBACK_QUEST = 32703
C_ADMIN_SPAWN_NPC = 32705
S_DESPAWN_TARGET_OBJECT = 32712
S_WELCOME_PET_OWNER = 32770
S_END_CUSTOMIZING_PARTS_SHAPE = 32788
S_SHOW_DEAD_CITY_WAR_UI = 32802
S_FIELD_EVENT_COMBO = 32836
C_TOGGLE_GROUP_DUEL_READY = 32863
S_DUNGEON_RANK_SEASON_LIST = 32888
S_DARK_RIFT_MAIN_DEFENCE_CHANGE_HP = 32894
S_DUNGEON_CHANGE_NPC_CYLINDER = 32931
C_START_DECOMPOSE = 32952
S_BONFIRE_CHARM_BURNED = 32980
C_REQUEST_GUILD_FLAG_IMAGE_DATA = 32987
S_REPLY_NONDB_ITEM_INFO = 32995
S_BETTING_INFO = 33007
S_TRADE_MESSAGE = 33093
S_ASK_BIDDING_RARE_ITEM = 33108
S_INVITE_CODE_EXPIRE_TIME = 33158
C_REQUEST_INVITE_GUILD_LIST = 33163
C_REQUEST_MY_ACTIVATE_CARD_COMBINE_LIST_DATA = 33247
S_REWRITE_ITEM_STRING = 33254
S_SPAWN_EGG = 33264
C_COMPLETE_EXTRA_EVENT = 33272
C_ADD_INTER_PARTY_MATCH_POOL = 33292
C_RQ_SKILL_POLISHING_UPGRADE_LEVEL = 33296
C_USE_ITEM = 33307
S_CHANGE_RELATION = 33322
S_ASK_QUEST_SHARE = 33345
S_REQUEST_PET_CONSUME_EXP_ITEM = 33385
S_FREE_FIGHT_BATTLE_FIELD_MY_WARPOINT_INFO = 33393
C_COMPLETE_DAILY_EVENT = 33398
S_DELIVERY_STORE_BASKET = 33436
C_LEAVE_GROUP_DUEL = 33454
S_TRADE_BROKER_INPUT_PRICE = 33484
S_TERRITORY_STEP_LEAVE = 33504
C_MOVE_WARE_POS = 33508
S_SET_ITEM_STRING = 33515
S_CRYSTAL_COMBINE_RESULT = 33548
S_SHOW_DUNGEON_RETRY_UI = 33553
S_REMAIN_PLAY_TIME = 33583
C_REQUEST_ABILITY_TRANSFER = 33613
S_SET_ITEM_BIDDING_FLAG = 33647
S_FIN_ROUND_PVP_BATTLE_FIELD = 33649
S_CANCEL_PREPARE_CHANGE_USER_APPEARANCE = 33663
S_ADMIN_GET_USER_INFO_LIST_BY_DISTANCE = 33675
C_UNREGISTER_REPAIR_ITEM = 33707
C_REQUEST_MISSION_QUEST_TELEPORT = 33712
C_APPLY_GUILD = 33737
S_NPC_TARGET_USER = 33772
S_BATTLE_FIELD_USER_KILL_EVENT = 33817
S_PROMOTION_SUCCESS = 33825
S_GUILD_MEMBER_LIST = 33837
S_CHANGE_VOICE_USE_QAC = 33839
C_ADD_TO_TEMPER_MATERIAL_EX = 33886
C_CHANGE_SERVANT_NAME = 33887
C_TRADE_BROKER_HISTORY_ITEM_LIST_NEW = 33948
S_TOKEN_POINT_STATUS = 33984
C_PONG = 33994
S_ARENA_RESULT = 34057
S_BOSS_GAGE_STACK_INFO = 34081
S_UNMOUNT_VEHICLE_EX = 34115
S_SET_POS = 34164
C_REQUEST_PVE_RANKING = 34223
C_REQUEST_SERVER_ADMINTOOL_AWESOMIUM_URL = 34235
S_OPEN_FLOATING_CASTLE_STORE = 34252
S_ADMIN_PRIVILEGE = 34282
S_COMMAND_HELP = 34288
C_DUNGEON_UI_OPENED = 34301
S_MY_PARTY_MATCH_INFO = 34310
C_REQUEST_CLIENT_CHAT_OPTION_SETTING = 34333
C_END_CLIMBING = 34341
S_ACCEPT_CONTRACT = 34348
S_DEBUG_POS = 34385
C_REQUEST_SHARE_QUEST = 34403
S_PARTY_MEMBER_CHARM_DEL = 34435
C_GET_GUILD_HISTORY = 34444
C_START_DRIVE_AIRSHIP = 34452
S_SPAWN_NPC = 34516
S_START_COMMANDER_SKILL = 34524
S_DECOMPOSITION_ITEM_RESULT = 34528
S_BYE_PET = 34545
C_TELEPORT_TO_CAMP = 34582
C_PETITION_CANCEL = 34594
C_REQUEST_DESPAWN_SERVANT = 34653
C_RECV_PARCEL_ALL = 34692
S_INSTANCE_ARROW = 34695
S_RESPONSE_SERVER_ADMINTOOL_AWESOMIUM_URL = 34708
S_BATTLE_FIELD_CHAT_BAN_INFO = 34724
C_LORD_GUARD_INFO = 34741
S_ABNORMALITY_REFRESH = 34744
S_GROUP_DUEL_CURRENT_BETTING_ITEM = 34756
S_ENCHANT_BOOSTER_REGISTER_ITEM = 34795
S_GMEVENT_OX_QUIZ_USER_STATUS = 34797
S_BROADCAST_CLIMBING = 34803
C_REPLY_INTER_PARTY_MAKE = 34828
C_LORD_CALC_TAX = 34851
S_SELECT_USER = 34861
S_ROUND_PVE_SCORE = 34867
S_START_STACK_ATTENDANCE_EVENT_INFO = 34897
S_USER_CHANGE_FACE_CUSTOM = 34902
S_CUSTOMIZING_PARTS_SHAPE_ITEM_LIST = 34918
S_MOVE_DISTANCE_DELTA = 34937
C_BATTLE_FIELD_POINT_STORE_BUY_DEL_BASKET = 34938
C_REQUEST_CHANGE_DUAL_OPTION_IDX = 34952
S_CUSTOM_MESSAGE = 34954
S_RETURN_TO_LOBBY = 34963
S_PETITION_CHAT_GM_MESSAGE = 34977
S_BROCAST_UPDATE_GUILD_FLAG = 34996
C_DUNGEON_CLEAR_COUNT_LIST = 35067
S_OPEN_GUILD_WAR_WINDOW = 35068
S_PETITION_FORCE_CREATE = 35084
S_ACTIVATE_BATTLE_FIELD_CHAT_BAN = 35099
S_CHANGE_LOOKS_SERVANT = 35101
S_ACTIVATE_CARD_COMBINE_LIST_DATA = 35146
S_GROUP_DUEL_RECORD = 35209
S_OPEN_CHANGE_CHARACTER_NAME_POPUP = 35249
C_START_SKILL_BY_VEHICLE_EX = 35255
S_SPAWN_DOOR = 35256
S_GUILD_PERK_LIST = 35271
S_SET_GUILD_JOIN_CONDITION = 35292
S_END_DRIVE_AIRSHIP = 35309
S_TASK_INFO_GUARD = 35372
C_REQUEST_GUILD_WAR_TRACKING_INFO = 35395
S_DEAD_LOCATION = 35410
C_BIND_ITEM_CANCEL = 35413
C_UPDATE_GUILD_LOGO = 35433
C_BAN_FROM_GROUP_DUEL = 35466
C_LORD_TAX_SET = 35484
S_ADD_TRADE_BAG = 35501
C_GUILD_STORE_BUY_ADD_BASKET = 35508
S_FIN_KUMAS_BOSS_BATTLE_FIELD = 35511
S_COLLECTION_PICKEND = 35546
S_ADMIN_GET_USERINFO_SKILL = 35600
C_BATTLE_FIELD_POINT_STORE_COMMIT = 35603
C_UNREGISTER_VM_SELL_ITEM = 35615
S_PK_DECLARE = 35624
S_PETITION_CHECK_CREATABLE = 35645
C_GET_GUILD_WARE_HISTORY = 35662
S_REQUEST_PRIVATE_CHANNEL_INFO = 35680
C_REQUEST_UPDATE_ANNOUNCE = 35715
C_TRADE_BROKER_WAITING_ITEM_LIST_NEW = 35746
S_DUEL_START = 35760
S_REQUEST_GUILD_INFO_BEFORE_APPLY_GUILD = 35769
S_LOCKON_ARROW = 35786
S_DIALOG_CLOSE = 35791
C_NOTIFY_LOCATION_IN_DASH = 35809
C_CHECK_NEW_GUILDNAME = 35821
S_REQUEST_SECOND_PASSWORD_AUTH = 35827
C_REQUEST_BOSS_GAGE_INFO = 35836
C_INVALID_BUILD_VERSION = 35877
C_CHECK_EVENT_MATCHING_LIST_CHECKBOX = 35887
C_REQUEST_CONTRACT = 35891
C_INVITE_FRIEND_CODE = 35911
C_START_EVOLUTION = 35967
C_SETTLE_UP_SELL_VM = 36092
S_PREMIUM_SLOT_OFF = 36099
S_PREMIUM_COMPOSE_RESULT = 36169
C_GET_USER_LIST = 36216
C_CREATE_PRIVATE_CHANNEL = 36274
C_REQUEST_PERF = 36305
S_GUILD_MONEY_INFO_CHANGED = 36317
S_ADD_BLOCKED_USER = 36385
S_PARTY_NOTIFY_MY_POSITION = 36418
S_GET_OUT_SHUTTLE = 36471
S_OPEN_RENAME_GUILD_POPUP = 36480
S_VOTE_TO_DUNGEON_MENTO = 36521
S_RECV_PARCEL_EX = 36540
S_MODIFY_INTER_PARTY_MATCH_POOL = 36566
S_CREATE_USER = 36578
C_DEACTIVATE_CARD_COMBINE_LIST = 36611
S_DESPAWN_PET = 36636
S_INVEN = 36641
C_DISTRIBUTOR_ANSWER = 36649
C_REUQUEST_JOINED_CHANNEL_LIST = 36658
S_RECEIVE_COLLECTION_BOOK_REWARD = 36660
C_TRADE_BROKER_REJECT_SUGGEST = 36680
S_ARENA_FIGHT_ABNORMALITY_BEGIN = 36692
S_PARTY_LOOTING_METHOD = 36743
C_LEAVE_PRIVATE_CHANNEL = 36747
S_FESTIVAL_LIST = 36775
S_ADD_FRIEND = 36789
S_DUNGEON_LOOK_AT_NPC = 36791
S_GET_USER_GUILD_LOGO = 36799
S_PING = 36819
S_FIN_BASE_POINT_BATTLE_FIELD = 36850
C_SAVE_CLIENT_CHAT_OPTION_SETTING = 36876
C_TRADE_BROKER_UNREGISTER_ITEM = 36903
C_REQUEST_REPAIR_ITEM = 37030
S_LORD_VOTE_CANDIDATE_LIST = 37040
S_GAMBLE_RESULT = 37049
C_GIVE_UP_GUILD_WAR = 37051
C_PROMOTION_CANCEL = 37065
C_CHECK_USERNAME = 37140
C_REMOVE_ITEM_FROM_VM_BUY_BASKET = 37154
S_BATTLE_FIELD_STRONGHOLD_EVENT = 37193
S_NPC_RESPAWN_PLAN_ALARM = 37217
C_PET_INCUBATOR_PUT = 37243
S_COMMIT_ACCESSORY_TRANSFORM_RESULT = 37267
S_NOTIFY_GUILD_WAR_INFO = 37290
C_CANCEL_PREPARE_CHANGE_USER_APPEARANCE = 37307
S_REGISTER_CARD = 37308
C_BATTLE_FIELD_START_OCCUPATION = 37332
S_FIN_CANNON_BATTLE_FIELD = 37336
C_MERGE_PARTY_TO_RAID = 37344
S_PARTY_MEMBER_CHANGE_HP = 37345
S_PVP_RANKING_LIST = 37358
C_GET_ATTENDANCE_REWARD = 37366
S_DARK_RIFT_REWARD_RESULT = 37375
C_SAVE_CHAT_SETTING = 37412
S_SPAWN_DARK_RIFT_CLOUD = 37425
C_START_MYTHICCRAFT = 37434
S_DUNGEON_WORK_RESULT = 37449
S_SHOW_CHANGE_CHARACTER_UI = 37503
C_CHANGE_GUILDGROUP = 37508
C_REQUEST_GAMESTAT_PING = 37543
S_REQUEST_DESPAWN_SERVANT = 37546
S_USER_FLYING_LOCATION = 37563
C_CAN_LOCKON_TARGET = 37644
S_PARTY_LOOTING_METHOD_VOTE = 37693
S_FEUDAL_LORD_FLAG_INFO = 37696
S_USER_ITEMLEVEL_INFO = 37700
S_RESULT_ENCHANT = 37723
S_REQUEST_STYLE_SHOP_MARK_PRODUCTLIST = 37729
C_PET_ORB_DELETE = 37738
C_UPDATE_AFK_STATUS = 37860
C_ADMIN = 37879
S_MINIGAME_FAIL = 37930
S_SET_FLY_MOVE_INFO = 37935
S_ADMIN_NOTICE = 38021
C_INVITE_USER_TO_GUILD = 38036
S_GUILD_POINT_INFO_CHANGED = 38100
S_REWARDNPC_SPAWN_ALARM = 38117
S_REQUEST_SPAWN_SERVANT = 38148
S_START_USER_PROJECTILE = 38177
S_DISTRIBUTOR_DATA = 38212
C_SET_INVEN_POCKET_GET_FILTER = 38247
C_PETITION_CHECK_SURVEYABLE = 38330
S_TRADE_BAG_CLOSE = 38350
S_VILLAGER_POPUP_DIALOG = 38397
S_RESULT_LEARN_GUILD_PERK = 38427
S_REPLY_GUILD_WANTED_WRITING_LIST = 38442
C_REQUEST_EVENT_MATCHING_TELEPORT = 38468
C_TRADE_BROKER_HISTORY_ITEM_LIST_SORT = 38486
C_REGIST_CUSTOMIZING_PARTS_SHAPE_ITEM = 38490
S_START_DRIVE_AIRSHIP = 38540
C_SERVANT_ABILITY = 38543
C_ADD_FRIEND = 38549
C_LORD_CANDIDATE_PLEDGE = 38554
C_LORD_REGISTER_INFO = 38563
S_REGISTER_COMBINE_ITEM = 38570
S_CREST_CHANGE_FAIL = 38575
S_CONTRACT_PET_LEVEL_UP_ITEM_LIST_UPDATE = 38598
S_RESET_EP_PERK = 38605
S_DIRECTION_WEAKNESS_END = 38644
S_VIEW_VM_SETTING_WINDOW = 38646
C_CONFIRM_SERVANT_AUTO_POTION_INFO = 38648
S_END_DARKRIFT_USER_HP = 38657
S_PET_INCUBATOR_SHOW = 38688
S_BATTLE_FIELD_CANCEL_OCCUPATION = 38691
S_VIEW_WARE = 38701
C_RQ_SKILL_POLISHING_LIST = 38726
C_EXPAND_INVEN_POCKET = 38749
S_SHOW_HP = 38750
S_BATTLE_FIELD_SCORE = 38753
C_RESET_ALL_DUNGEON = 38754
S_GUILD_STORE_SELL_LIST = 38798
C_NPC_CONTACT = 38802
S_UPDATE_VM_STATUS = 38840
S_UPDATE_SERVANT_INFO = 38957
S_F2P_PremiumUser_Permission = 38964
S_ABNORMALITY_BEGIN = 38978
C_PLAY_TIME = 38995
S_INCREASE_CARD_PRESET = 39062
S_CANNOT_START_SKILL = 39091
S_ATTENDANCE_CHECK = 39092
S_PET_MANAGER_SHOW = 39119
S_USE_CHRONOSCROLL_RESULT = 39142
S_SPAWN_STATUE = 39145
S_NEED_WAREHOUSE_COMMISION = 39174
C_CANCEL_DUNGEON_RETRY = 39193
S_LORD_TAX_SET = 39204
C_ITEMSYNTHESIZER_REQUEST_START = 39225
S_VIRTUAL_LATENCY = 39233
S_HIT_COMBO = 39242
S_VIEW_WARE_EX = 39246
S_NAME_PREEMPTION_EVENT_INFO = 39261
C_SERVER_TIME = 39341
C_ACCEPT_CONTRACT = 39426
S_EACH_SKILL_RESULT = 39464
S_SUGGEST_DARK_RIFT_PARTY_MATCHING = 39465
S_ENCHANT_BOOSTER_STATUS = 39469
S_POINT_STORE_SELL_LIST = 39481
S_PET_INFO_CHANGE = 39486
C_REQUEST_RECV_DAILY_TOKEN = 39507
S_WEAK_POINT = 39515
S_NOTIFY_ACTIVE_BUILD_TERRITORY_STATE = 39518
S_BATTLE_FIELD_STRONGHOLD_STATE = 39532
S_MEDAL_STORE_SELL_LIST = 39550
S_PK_DECLARE_COUNT = 39568
C_LOAD_EP_INFO = 39571
S_REQUEST_CITY_WAR_MAP_INFO_DETAIL = 39577
S_NPC_STATUS = 39590
S_SET_NEW_TERA_USER = 39607
C_CHANGE_MY_STATE = 39616
S_CLEAR_WORLD_QUEST_VILLAGER_INFO = 39663
C_CANCEL_FIX_VEHICLE = 39664
S_LORD_CANDIDATE_PLEDGE = 39667
S_MYTHICCRAFT_UNREGISTER_TARGET_ITEM = 39675
C_REQUEST_QUEST_BACKUP_ITEM = 39761
S_DUNGEON_JACKPOT_EVENT_START = 39848
S_DELETE_NPC_FROM_MAP = 39868
S_PK_POINT = 39883
C_BETTING_TRY = 39904
C_UNREGISTER_PARTY_INFO = 39930
S_BATTLE_FIELD_START_OCCUPATION = 39941
S_SHOW_TEMPER_WINDOW = 39943
C_DECLARE_GUILD_WAR = 39956
S_UPDATE_STYLE_SHOP_MARK_PRODUCT = 39958
C_REQUEST_DUNGEON_WORK_LIST = 40006
S_DIALOG = 40083
S_ANNOUNCE_MESSAGE = 40111
S_RP_SKILL_POLISHING_EXP_INFO = 40120
C_DEL_FROM_AWAKEN = 40131
S_CLIENT_COMMAND = 40139
C_TRADE_BROKER_SUGGEST_DEAL = 40146
S_INGAMESHOP_PRODUCT_SUBPROD = 40163
C_RETURN_PARCEL = 40166
S_OPEN_EXPAND_INVEN_WINDOW = 40174
C_REQUEST_START_GUILD_QUEST = 40178
C_GROUP_DUEL_ADD_BETTING_ITEM = 40187
C_REQUEST_GUILD_WAR_PENALTY_INFO = 40228
S_REMOVE_GUILD_MEMBER = 40269
S_RP_START_SOCIAL_ON_PROGRESS_DECOMPOSITION = 40276
S_RP_ADD_ITEM_TO_DECOMPOSITION_CONTRACT = 40312
C_GROUP_DUEL_CHANGE_REPRESENT = 40340
S_RESULT_MATERIAL_AWAKEN = 40400
S_TRADE_BROKER_DEAL_INFO_UPDATE = 40416
C_STYLE_SHOP_BUY_REPUTATION_ITEM = 40417
S_DARK_RIFT_QUEST_INFO = 40464
C_ADMIN_GM_TELEPORT = 40467
C_SET_SEND_PARCEL_TYPE = 40482
S_DUNGEON_CONSOLE_EVENT = 40494
C_ADMIN_GMEVENT_NOTICE = 40527
C_REQUEST_PRIVATE_CHANNEL_INFO = 40531
C_PETITION_CREATE = 40548
C_REQUEST_USER_ITEMLEVEL_INFO = 40549
S_CITY_WAR_NPC_KILL = 40568
C_TRANSFER_VEHICLE_EX = 40570
S_CONFIRM_INVITE_CODE = 40623
S_INIT_ROUND_PVP_BATTLE_FIELD = 40642
C_EXECUTE_TEMPER = 40665
S_EVENT_MATCHING_BATTLEFIELD_DETAIL_INFO = 40671
S_ABNORMALITY_SCALE_UP = 40714
C_RQ_UPDATE_ITEM_TO_DECOMPOSITION_CONTRACT = 40721
S_BATTLE_FIELD_CHANGE_NPC_HP_EVENT = 40791
S_PLAYTIME_EVENT_END = 40815
S_VM_SELL_BASKET_INFO = 40834
C_CHANGE_MY_PROFILE = 40841
S_ABNORMALITY_END = 40898
S_TRANSFER_KUMAS_BATTLE_FIELD_TREASURE = 40906
S_CITY_WAR_INFO_HISTROY = 40959
C_DIALOG = 40965
C_CANCEL_QUEST = 40979
S_GUILD_APPLY_LIST = 40992
C_REQUEST_ROUND_PVE_SKILL_LIST = 41003
C_RECV_PARCEL_EX = 41014
S_SOCIAL_CANCEL = 41050
C_REGISTER_EVOLUTION_ITEM = 41076
C_REQUEST_BUY_VIP_STORE_ITEM = 41102
C_DESTROY_GUILD = 41128
S_REMOVE_GUILD_GROUP = 41132
C_REGISTER_ENCHANT_ITEM = 41148
S_STORE_COMMIT = 41186
S_HUNTING_ZONE_EVENT_LIST = 41223
C_LORD_CANDIDATE_LIST = 41262
S_CHANGE_FRIEND_PROFILE = 41294
S_PLAY_SOUND_BYNAME = 41310
S_WORK_WORKOBJECT = 41347
S_EXIT = 41353
S_GMEVENT_ENTER_EVENT = 41381
C_ADMIN_GMEVENT_USER_KICK = 41425
S_DUNGEON_VISIBLE_BG = 41438
C_MYTHICCRAFT_UNREGISTER_MATERIAL_ITEM = 41459
C_TRADE_BROKER_REGISTER_ITEM = 41481
S_FIN_SNOW_EVENT_BATTLE_FIELD = 41525
S_REQUEST_SERVANT_AUTO_POTION_INFO = 41529
C_SAVE_CLIENT_UI_SETTING = 41561
S_DELETE_FRIEND = 41587
S_GUILD_INFO = 41615
S_NOTIFY_QUEST_RESTART = 41664
S_START_ACTION_SCRIPT = 41688
S_RESULT_ITEM_BIDDING = 41700
C_GET_OUT_SHUTTLE = 41732
S_INSTANT_PULL = 41771
S_MERGE_PARTY_TO_RAID = 41776
S_SHOW_PEGASUS_MAP = 41827
S_STEER_DEBUG_COMMAND = 41829
S_CHANGE_CITY_WAR_STATE = 41839
C_CANCEL_SKILL = 41873
C_VIEW_PARTY_INVITE = 41921
S_NPC_PART_BREAK_ACTIVE = 42007
S_LIST_PARCEL_EX = 42023
C_CHANGE_FRIEND_MEMO = 42030
S_DARK_RIFT_ALL_DESPAWN_WORLD_NOTI = 42071
C_GET_EVENT_SYSTEM_REWARD = 42107
S_NPC_INTERACTION_COMBO_INFO = 42144
S_UPDATE_GUILD_MEMBER = 42162
S_FIN_KUMAS_BATTLE_FIELD = 42178
C_REQUEST_GUILD_INCENTIVE = 42189
C_VIEW_GUILD_WAR = 42197
S_REPLY_RET_VILLAGE_INFO = 42222
S_TRADE_BROKER_REQUEST_DEAL_RESULT = 42225
C_REQUEST_INCREASE_CARD_PRESET = 42233
S_GET_WARE_ITEM = 42245
S_TRADE_BROKER_HISTORY_ITEM_LIST = 42246
S_UNICAST_FLOATING_CASTLE_NAMEPLATE = 42302
S_RETURN_USER = 42326
S_BATTLE_FIELD_USER_LOAD_INFO = 42350
S_SKILL_CATEGORY = 42391
S_PLAY_MOVIE = 42395
S_IS_LORD = 42400
S_BATTLE_FIELD_POINT_STORE_SELL_LIST = 42405
C_SET_ITEM_STRING = 42423
S_CREATE_PRIVATE_CHANNEL = 42426
S_CREST_MESSAGE = 42443
S_MUTE = 42445
S_FINISH_GUILD_QUEST = 42457
S_SKILL_LEARN_RESULT = 42473
S_END_CHAT_BAN = 42479
S_FREENAMED_STATUS = 42503
C_ITEM_COLORING_REMOVE_ITEM = 42508
S_GMEVENT_GUIDE_MESSAGE = 42531
C_REQUEST_SPAWN_SERVANT = 42544
S_ROUND_PVE_OPEN_SKILL_UI = 42568
S_POSITION_SWAP = 42581
C_REQUEST_PET_CONSUME_EXP_ITEM = 42585
C_PET_INCUBATOR_TAKEALL = 42586
C_POLITICS_POINT_STORE_COMMIT = 42659
S_DECREASE_COOLTIME_SKILL = 42665
C_GAMBLE_CHANGE_BET_ITEM = 42689
C_CREST_DISAPPLY_ALL = 42692
C_CHANGE_GROUP_DUEL_SETTING = 42693
S_DARK_RIFT_SPAWN_WORLD_NOTI = 42697
S_FIX_SPIRIT_PROGRESS = 42698
C_POLITICS_POINT_STORE_BUY_DEL_BASKET = 42711
C_REQUEST_TOTAL_GUILD_WAR_DATA = 42725
S_MEDAL_STORE_BASKET = 42726
C_GMEVENT_MOVE_TO_STADIUM = 42737
C_GUILD_APPLY_LIST_PAGE = 42767
S_QUEST_BALLOON = 42816
S_CANCEL_CONTRACT = 42838
S_USER_WEAPON_APPEARANCE_CHANGE = 42846
S_NOTIFY_TO_FRIENDS_WALK_INTO_SAME_AREA = 42890
C_CAST_FISHING_ROD = 42893
S_COMBATLOG_START = 43020
S_LOAD_CLIENT_USER_SETTING = 43160
S_REMOVE_EFFECT = 43167
S_GMEVENT_OX_QUIZ_RESULT = 43176
S_VOTE_RESET_ALL_DUNGEON = 43182
S_START_PRODUCE = 43185
C_PREMIUM_COMPOSE_RESET = 43196
C_REQUEST_VIP_STORE_ITEM_LIST = 43211
S_UNREGISTER_COMBINE_ITEM = 43220
S_USER_AIM_TO = 43221
S_CHANGE_FRIEND_STATE = 43231
S_REMOVE_SOUND_BYNAME = 43248
C_REQUEST_PVP_RANKING = 43252
S_CHECK_TO_READY_PARTY = 43313
S_DUNGEON_RANK_MESSAGE = 43330
S_RESULT_MYTHICCRAFT = 43334
C_PET_LEVEL_UP_ITEM_ADD_TO_LIST = 43345
S_BIND_ITEM_END = 43353
S_SECOND_PASSWORD_REGISTER_RESULT = 43368
S_ARRIVE_AT_JUMPGEAR_DESTINATION = 43392
S_CREST_UPGRADE_INFO = 43446
S_CHANGE_PARTY_MEMBER_AUTHORITY = 43458
C_DUNGEON_WORK_LEAVE = 43466
C_GET_GUILD_QUEST_WEEKLY_REWARD = 43478
S_CHANGE_MODE = 43496
S_SUCCESS_STYLE_SHOP_BUY_REPUTATION_ITEM = 43565
S_TRADE_BROKER_SOLD_ITEM_LIST = 43589
C_ENCHANT_BOOSTER_DROP_ITEM = 43638
C_UNEQUIP_ITEM = 43685
S_ACCOUNT_PACKAGE_LIST = 43775
S_PARTY_MEMBER_CHARM_ADD = 43780
C_PET_UNEQUIP = 43796
S_BATTLE_FIELD_JACKPOT_EVENT_START = 43801
S_CONFIRM_SERVANT_AUTO_FEED_INFO = 43852
C_DECOMPOSITION_ITEM = 43862
C_PET_INCUBATOR_START = 43865
S_PETITION_INFO = 43866
C_PAY_WAREHOUSE_COMMISION = 43887
C_PETITION_CHECK_CREATABLE = 43909
C_USE_PREMIUM_SLOT = 43918
S_BATTLE_FIELD_TEAM_MEMBERS_POS_INFO = 43937
S_POINT_STORE_BASKET = 43953
S_PARTY_MEMBER_CHANGE_MP = 43960
S_UNREGISTER_ENCHANT_ITEM = 43979
S_FIELD_POINT_REWARD_INFO_LIST = 43981
C_CANCEL_CONTRACT = 44007
C_END_MOVIE = 44029
C_ADMIN_GMEVENT_USER_SUMMON = 44049
S_RESPONSE_GAMESTAT_PONG = 44055
C_WITHDRAW_GUILD_WAR = 44086
S_BONFIRE_CHARM_ADDED = 44104
S_AWESOMIUM_DEBUG_MODE = 44117
S_DESPAWN_DROPITEM = 44133
S_BANISH_GUILD_MEMBER = 44166
S_PLAYER_CHANGE_STAMINA = 44181
C_OP_COMMAND = 44293
C_REQUEST_GUILD_LIST_PAGE = 44310
C_REQUEST_ENTER_VIP_DUNGEON = 44324
C_SUGGEST_DARK_RIFT_PARTY_MATCHING = 44347
S_USER_APPEARANCE_CHANGE = 44348
C_CHANGE_MODE = 44424
C_ENTER_SCENARIO_DUNGEON = 44429
C_DELETE_SERVANT = 44440
S_GUILD_EMBLEM = 44460
S_TIMEOVER_CONTRACT = 44463
C_COMMIT_INGAME_CHANGE_USER_APPEARANCE = 44472
C_USE_COUPON = 44502
S_DUNGEON_WORK_POINT_STORE_BASKET = 44525
S_LOAD_EP_INFO = 44556
S_START_COOLTIME_SKILL = 44591
C_LEARN_EP_PERK = 44592
C_UPDATE_SKILL_SCRIPT = 44597
C_REQUEST_ACCESSORY_COST_INFO = 44598
S_UPDATE_QUEST = 44636
C_TRADE_BROKER_HIGHEST_ITEM_LEVEL = 44639
S_CHANGE_SERVANT_ENERGY = 44653
S_CANCEL_EXIT = 44663
S_PREPARE_EXIT = 44667
C_ENTER_DUNGEON = 44676
S_NPC_TRANSLATIONZ = 44684
C_TRADE_BROKER_SOLD_ITEM_LIST = 44706
C_REPLY_TELEPORT_WALK_THROUGH = 44729
S_WATCHED_MOVIES = 44730
S_DUNGEON_CHANGE_NPC_ANIMSET = 44733
S_ARTISAN_SKILL_LIST = 44784
S_INGAMESHOP_PRODUCT_DATA = 44790
S_ADMIN_GMEVENT_STATUS = 44797
C_TRADE_BAG_CLOSE = 44814
S_SHOW_NPC_TO_MAP = 44817
S_SAVE_CLIENT_UI_SETTING = 44819
S_ELEMENT_POINT = 44843
S_TRADE_ACCEPT = 44850
S_CREATURE_ROTATE = 44863
S_UNBIND_ITEM_RESULT = 44885
S_GUILD_WAR_PENALTY_INFO = 44935
C_STORE_BUY_ADD_BASKET = 44946
S_DUNGEON_RECORD_INFO = 44972
C_TRADE_BROKER_BOUGHT_ITEM_LIST = 44987
S_CHANGE_SERVANT_NAME = 44988
C_VOTE_HISTORY = 45007
S_ROUND_PVE_CLOSE_SKILL_UI = 45017
S_RESTORE_CUSTOMIZING_PARTS_SHAPE = 45029
C_EVENT_GUIDE = 45038
C_REQUEST_ENCHANT = 45050
S_VEHICLE_EX_RELATION = 45057
S_OTHER_USER_APPLY_PARTY = 45064
C_REQUEST_RENAME_GUILD = 45098
C_UNLOCK_POCKET = 45112
S_DESPAWN_USER = 45129
S_COMBATLOG_USER_INFO = 45131
S_CANCEL_QUEST_SHARE = 45220
S_FIELD_EVENT_RANK_LIST = 45224
S_CHANGE_NAME_STRING = 45236
C_GMEVENT_OX_REPE_QUIZ_ANSWER = 45237
C_GMEVENT_LEAVE_EVENT = 45261
C_REQUEST_VIP_SYSTEM_INFO = 45281
C_LOGIN_WORLD = 45291
C_REQUEST_BATTLE_FIELD_PARTY_MARKER = 45298
S_BIND_ITEM_BEGIN = 45302
C_START_PRODUCE = 45329
C_VIEW_INTER_PARTY_MATCH_DUNGEON_LIST = 45361
C_ARRIVE_AT_JUMPGEAR_DESTINATION = 45409
C_ITEMSYNTHESIZER_REQUEST_MATERIAL = 45410
C_REQUEST_BATTLE_FIELD_PARTY_MARKER_CLEAR = 45456
S_GUILD_ACCOUNT_LIMIT_INFO_CHANGED = 45474
S_MYTHICCRAFT_REGISTER_TARGET_ITEM = 45477
C_ADD_MATERIAL_AWAKEN = 45488
C_CHANGE_USER_NAME = 45506
S_BOSS_GAGE_INFO = 45514
S_UPDATE_USER_AWAKEN_GRADE = 45541
C_EDIT_BLOCKED_USER_MEMO = 45563
C_REQUEST_GUILD_WAR_TELEPORT = 45577
S_TARGET_INFO = 45626
S_START_FISHING_CHARGE = 45646
S_FIX_VEHICLE_COMPLETE = 45672
S_CHECK_EXTRACT = 45764
S_TRADE_BROKER_BOUGHT_ITEM_LIST = 45781
S_FIN_FREE_FIGHT_BATTLE_FIELD = 45876
S_MOUNT_CARD = 45969
S_IMAGE_DATA = 46027
S_INGAMESHOP_CATEGORY_DATA = 46039
S_END_LEVEL_COMPENSATION = 46062
C_CHANGE_ITEM_PASSIVE_LIST = 46073
C_MAIN_MENU_COMMAND_EXEC = 46090
S_CANCEL_PARTY_LOOTING_METHOD_VOTE = 46114
S_REQUEST_COOLTIME_TO_JOIN_GUILD = 46179
S_PLAYER_CHANGE_NOCTAN_COUNT = 46213
C_USE_RIGHT_ITEM = 46242
C_COLLECTION_PICKEND = 46243
S_PLAYER_CHANGE_UNION_SKILL_COUNT = 46250
C_BROADCAST_CLIMBING = 46253
C_EVENT_MATCHING_BATTLEFIELD_DETAIL_INFO = 46271
C_SELECT_EVENT_MATCHING = 46288
C_RESTORE_CUSTOMIZING_PARTS_SHAPE = 46345
C_REGISTER_PARTY_INFO = 46354
S_UNICAST_FLOATING_CASTLE_INFO = 46373
S_DUNGEON_ADDITIONAL_WORK_UI = 46440
S_ADD_AWAKEN_ENCHANT_DATA = 46446
S_INGAMESHOP_PRODUCT_TAG = 46495
C_END_CUSTOMIZING_PARTS_SHAPE = 46499
S_GAMBLE_BEGIN = 46531
S_START_VM_BUY = 46539
S_CAST_FISHING_ROD = 46545
C_REQUEST_PARTY_MATCH_LINK = 46582
S_UPDATE_FRIEND_INFO = 46586
S_LOCKON_YOU = 46596
S_DESPAWN_BONFIRE = 46600
C_PREMIUM_COMPOSE_ADD_ITEM = 46611
C_ADMIN_CHECK_USERNAME = 46614
C_ADMIN_VANISH_PET = 46615
S_INTERACTION_RESULT = 46616
S_ITEM_CUSTOM_STRING = 46619
S_REQUEST_CHANGE_LOOKS_SERVANT = 46624
S_RANK_POINT_STATUS = 46656
C_VIEW_WARE = 46666
C_LORD_CHANGE_POLICY = 46682
C_PET_REPAIR = 46694
C_REQUEST_COOLTIME_TO_JOIN_GUILD = 46702
S_RP_DEL_ITEM_FROM_DECOMPOSITION_CONTRACT = 46705
C_GROUP_DUEL_BETTING_MONEY = 46710
C_SET_SEND_PARCEL_ITEM = 46721
S_WORLD_OF_TANK_BATTLE_FIELD_RESULT = 46760
C_PET_INCUBATOR_GET = 46779
C_WATCHED_MOVIES = 46813
S_CREST_ASK_DISAPPLY_ALL = 46828
C_REQUEST_FIELD_POINT_REWARD = 46847
S_END_USER_PROJECTILE = 46850
S_BAN_PARTY = 46891
S_SPAWN_PROJECTILE = 46893
C_SET_SEND_PARCEL_MONEY = 46912
C_PARTY_LOOTING_METHOD = 46956
S_ITEM_EXPLOSION_RESULT = 46974
S_DUNGEON_EVENT_GAGE = 47028
S_PURCHASE_PROD = 47040
S_FEARMOVE_STAGE = 47064
S_RP_SKILL_POLISHING_UPGRADE_LEVEL = 47068
C_LORD_RANK_INFO = 47083
C_CHANGE_CHARACTER = 47084
S_EQUIP_ITEM_SET = 47088
C_PETITION_COMPLETE_CONFIRM = 47093
S_SPAWN_BONFIRE = 47149
S_LORD_CANDIDATE_LIST = 47161
S_QUEST_INFO = 47193
C_EQUIP_SERVANT_ITEM = 47216
C_CANCEL_TEMPER = 47220
C_LEAVE_PARTY = 47224
S_ENCHANT_BOOSTER_DROP_ITEM = 47254
C_ADMIN_GM_SKILL = 47304
S_REMOVE_EVENT_MATCHING_QUEST = 47315
C_GUILD_STORE_BUY_DEL_BASKET = 47321
C_LEAVE_GUILD = 47334
S_TRADE_BROKER_DEAL_SUGGESTED = 47378
S_CHECK_CHANGE_GUILDNAME = 47418
S_PREMIUM_SLOT_DATALIST = 47422
S_CHECK_RTT = 47507
C_DELETE_FRIEND_GROUP = 47515
S_SHOW_TRADE_LOG = 47517
S_RESULT_CHANGE_FRIEND_MEMO = 47525
S_BASE_POINT_BATTLE_FIELD_NODEPOINT_INFO = 47546
S_RESULT_ITEM_COLORING = 47623
C_REQUEST_CHANGE_LOOKS_SERVANT = 47669
S_REQUEST_DEMOLIST_GUILD_TOWER_POPUP = 47702
C_SHOW_INVEN = 47711
S_SKILL_FORGET = 47748
S_PLAYER_AUTOPILOT = 47749
C_REQUEST_OPEN_DUAL_OPTION = 47805
S_CHANGE_CARD_PRESET = 47841
C_ACCEPT_FRIEND = 47848
S_PLAYER_CHANGE_ACTPOINT = 47873
S_ARENA_OPTIMIZATION = 47878
S_FIN_WORLD_OF_TANK_BATTLE_FIELD = 47899
C_REQUEST_GUILD_WANTED_WRITING_LIST_PAGE = 47901
S_END_PRODUCE = 47911
S_END_GUILD_WAR = 47918
C_RQ_ADD_ITEM_TO_DECOMPOSITION_CONTRACT = 48000
S_RESULT_CHANGE_MY_PROFILE = 48062
S_BREAK_SHIELD = 48096
S_BATTLE_FIELD_RESULT = 48099
S_BATTLE_FIELD_END_OCCUPATION = 48103
C_BATTLE_FIELD_CANCEL_OCCUPATION = 48112
S_UPDATE_STACK_ATTENDANCE_EVENT_INFO = 48128
S_VILLAGER_BUFF_INFO = 48131
S_INVEN_USERDATA = 48150
C_BAN_PARTY_MEMBER = 48191
S_ONGOING_FIELD_EVENT_LIST = 48262
C_EXTEND_PARTY = 48273
C_START_REPAIR_ITEM = 48284
S_BATTLE_FIELD_POINT_STORE_BASKET = 48287
C_CHANGE_SERVANT_CONDITIONAL_SKILL = 48301
C_DIALOG_EVENT = 48310
S_FIN_STRONGHOLD_OCCUPATION_BATTLE_FIELD = 48315
C_PARCEL_REPORT = 48320
S_RESULT_GROUP_DUEL_MSG = 48324
S_ENTER_DUNGEON_POP_UP_REOPEN = 48347
S_GUARD_PK_POLICY = 48361
S_RESPONSE_PONG = 48388
C_ADD_ITEM_TO_VM_BUY_BASKET = 48447
C_STORE_COMMIT = 48459
S_REGISTER_EVOLUTION_ITEM = 48494
C_FLOATING_CASTLE_PARTS_STORE_COMMIT = 48515
S_PLAYER_CHANGE_EXP = 48561
S_SEND_ROUND_PVE_SKILL_LIST = 48585
S_SPAWN_ME = 48586
C_REQUEST_GUILD_WANTED_WRITING_LIST = 48593
C_ADMIN_LOBBY = 48600
S_BATTLE_FIELD_PARTY_MARKER_CLEAR = 48606
C_PROMOTION_START = 48610
C_CLOSE_SEND_PARCEL = 48614
C_TRY_TELEPORT_FIELD_EVENT = 48633
C_REQUEST_GUILD_LIST = 48650
C_REQUEST_GUILD_INFO_BEFORE_APPLY_GUILD = 48679
S_DEL_CRYSTAL_COMBINE_MATERIAL = 48726
S_ADMIN_CUSTOM_BOOKMARK_LIST = 48727
C_CANCEL_EXIT = 48771
S_LOAD_TOPO = 48785
S_GUILD_LOG = 48822
S_FAIL_CHARM_STATUS = 48826
S_DUNGEON_WORK_UPDATE = 48862
C_RQ_SKILL_POLISHING_EXP_INFO = 48875
S_CURRENT_CHANNEL = 48883
C_RESPONSE_SPAWN_DROPITEM = 48927
S_PLAY_EFFECT = 48989
S_PVE_LEADER_BOARD_INFO = 49004
S_SOCIAL_FORGET = 49043
C_ADD_FRIEND_GROUP = 49075
S_LOAD_HINT = 49087
S_TELEPORT_TO_CAMP = 49201
S_CUSTOM_STYLE_SYSTEM_MESSAGE = 49207
C_ANSWER_CODE_HASH = 49222
S_IS_NOT_LORD = 49233
S_SEND_CHANGE_REPUTATION_POINT = 49295
S_USER_MOVETYPE = 49297
C_REQUEST_RESET_VIP_STORE = 49328
C_GAMBLE_GO = 49329
C_SET_GUILDGROUP_AUTHORITY = 49355
S_START_CHAT_BAN_INFINITY = 49360
S_GMEVENT_OFF_GUIDE_MESSAGE = 49381
S_END_CHANGE_USER_APPEARANCE = 49427
S_GMEVENT_WRITE_EVENTBOARD = 49434
S_FAIL_GUILD_QUEST = 49454
C_CHECK_TO_READY_PARTY_ANSWER = 49456
S_LOAD_ACHIEVEMENT_LIST = 49469
S_REPLY_INVITE_GUILD_LIST = 49488
C_UPDATE_MY_DESCRIPTION = 49489
S_ITEM_RESET_RESULT = 49592
S_BREAK_SHIELD_END = 49597
S_OPEN_VM_SETTING_WINDOW = 49619
S_VIEW_GUILD_WAR = 49647
C_PARTY_APPLICATION_DENIED = 49657
S_INIT_KUMAS_BATTLE_FIELD = 49664
C_GMEVENT_ENTER_EVENT = 49669
C_REQUEST_MENTO_REWARD = 49718
S_SURVEY_QUESTION = 49745
C_RQ_SKILL_POLISHING_UNLOCK_OPTION = 49767
S_RESULT_CHANGE_CHARACTER_NAME = 49772
C_ADMIN_REQUEST_USERACTION = 49816
C_RETURN_TO_LOBBY = 49854
S_SPAWN_USER = 49858
S_DUNGEON_RANK_END_TIME = 49867
S_RECV_PARCEL_ALL = 49882
S_MY_DESCRIPTION = 49954
S_DELETE_AWAKEN_ENCHANT_DATA = 50006
C_ADMIN_REQUEST_CUSTOM_BOOKMARK = 50032
S_START_INVERSE_CAPTURE = 50096
S_RP_SKILL_POLISHING_LIST = 50109
C_REQUEST_INGAMESTORE_PRODUCT_LIST = 50127
C_SECOND_PASSWORD_AUTH = 50164
S_DUEL_END = 50183
S_END_PRODUCT_SALE_INFO = 50187
S_ADMIN_GM_SKILL = 50203
S_ADMIN_HOLD_CHARACTER = 50214
S_FONT_SWAP_INFO = 50256
S_PARTY_MEMBER_INTERVAL_POS_UPDATE = 50311
C_MOVE_ITEM = 50369
C_XIGNCODE_SECURITY_DATA = 50432
S_COMPLETE_VOTE = 50457
S_FIELD_EVENT_PROGRESS_TIMER = 50470
S_CHANGE_ITEM_PASSIVE_LIST = 50513
S_INVEN_CHANGEDSLOT = 50567
S_RESULT_BATTLE_FIELD_CHAT_BAN = 50577
C_ADMIN_GMEVENT_OX_QUIZ_NEXT_QUIZ = 50596
S_DUNGEON_TIMER = 50602
C_COMMIT_CHANGE_USER_APPEARANCE = 50604
S_GATE_ATTACK_ALARM = 50606
C_REQUEST_ONGOING_FIELD_EVENT_LIST = 50610
S_HUDDLE_ADDING = 50613
S_SET_SEND_PARCEL_MONEY = 50634
C_MEDAL_STORE_BUY_DEL_BASKET = 50637
S_USER_LOCATION_IN_ACTION = 50638
C_DUEL_CANCEL = 50662
S_INTEREST_INFO = 50722
S_RESET_CHARM_STATUS = 50727
C_REQUEST_COUPON_DATA = 50734
S_STORE_SELL_LIST = 50742
C_EXTRACT_UNREGISTER_ITEM = 50775
S_CONFIRM_SERVANT_AUTO_POTION_INFO = 50784
C_CHECK_TO_OPPOSITE_DECLARE_GUILD_WAR = 50788
S_SET_VISIBLE = 50792
C_REQUEST_RENEW_ALL_PARTS_ITEM = 50822
C_REQUEST_UPDATE_INTRODUCE = 50831
S_ITEM_TRANSFORM_DATA = 50834
C_PARCEL_READ_RECV_STATUS = 50860
S_FIELD_EVENT_CHANNEL_FULL_GUIDE = 50869
S_KUMAS_BATTLE_FIELD_BOARD = 50878
C_ACCEPT_GUILD_WAR = 50885
S_DUNGEON_STATUS = 50940
C_CANCEL_REVIVE = 50983
S_FATIGABILITY_POINT = 51041
C_RQ_SKILL_POLISHING_CHANGE_OPTION = 51059
S_PK_START = 51069
S_PET_STOP_ALERT = 51076
C_DUNGEON_SUMMON_PARTY = 51084
C_START_INSTANCE_SKILL_EX = 51096
S_USER_STATUS = 51133
S_REGISTER_SERVANT_RESULT = 51178
S_NEW_GOLD_RACE_INFO = 51186
S_TOGGLE_TASK_INFO_WINDOW = 51194
S_ABNORMALITY_EXTRA = 51195
S_UPDATE_EVENT_SYSTEM = 51199
S_PREPARE_CHANGE_USER_APPEARANCE = 51204
S_INIT_ROUND_PVE_BATTLE_FIELD = 51215
C_INGAME_CHANGE_USER_APPEARANCE_TRY = 51231
S_CONTROL_DOOR = 51238
S_OPEN_CREST_WINDOW = 51300
S_BROCAST_GUILD_FLAG = 51362
S_GACHA_END = 51417
S_GRANT_SKILL = 51439
C_MOVE_INVEN_POS = 51451
S_MOUNT_VEHICLE = 51508
S_REPLY_CLIENT_UI_SETTING = 51510
S_DESPAWN_EVENT_SEED = 51520
S_STICK_TO_USER_START = 51526
S_FRIEND_GROUP_LIST = 51547
C_RECEIVE_COLLECTION_BOOK_REWARD = 51565
S_AERO = 51589
C_START_SKILL = 51607
C_CAN_CREATE_USER = 51639
S_REPLY_SET_GUILD_WANTED_WRITING = 51663
C_OPPOSITE_DECLARE_GUILD_WAR = 51669
S_CAN_LOCKON_TARGET = 51684
S_DESPAWN_BUILD_OBJECT = 51687
S_TAX_INFO = 51705
S_CHANGE_PK_INFO = 51714
S_ANSWER_INTERACTIVE = 51718
S_CARD_COLLECTION_BOOK_LEVEL_UP = 51719
C_CHANGE_GUILD_CHIEF = 51738
S_LOAD_CLIENT_ACCOUNT_SETTING = 51750
S_GMEVENT_OX_REPE_QUIZ_RESULT = 51791
S_SPAWN_COLLECTION = 51812
S_USE_COUPON = 51846
S_ENTER_CITY_WAR = 51862
C_ENCHANTER_USE = 51881
C_CLOSE_VM = 51892
S_DAILY_QUEST_COMPLETE_COUNT = 51905
C_RECEIVE_FREE_STYLE_SHOP_ITEMS = 52004
S_SKILL_TARGETING_AREA = 52010
S_SKILL_PERIOD = 52026
C_REQUEST_CITY_WAR_MAP_INFO = 52028
S_INVALID_BUILD_VERSION = 52110
S_ASK_CODE_HASH = 52121
S_STOP_VM = 52153
C_REQUEST_MEGAPHONE = 52199
S_HOLD_ABNORMALITY_REMOVE = 52205
C_STORE_BUY_DEL_BASKET = 52230
S_DESPAWN_STATUE = 52248
C_REQUEST_MY_PARTY_MATCH_INFO = 52276
S_PARCEL_REPORT = 52277
S_ADD_GUILD_MEMBER = 52287
S_STRONGHOLD_OCCUPATION_BATTLE_FIELD_BOARD = 52306
S_SELECT_CHANNEL = 52326
S_SERVER_TIME = 52333
S_SYSTEM_MESSAGE_LOOT_ITEM = 52354
S_PLAYER_RESET_EP = 52356
S_MASSTIGE_STATUS = 52380
S_ITEM_DECOMPOSE = 52402
C_RELEASE_FROM_PRISON = 52512
C_SELECT_CHANNEL = 52516
S_PET_INCUBATOR_INFO_CHANGE = 52528
C_REQUEST_PARTY_MATCH_INFO = 52616
S_ABNORMALITY_FAIL = 52624
S_RESULT_RENAME_GUILD = 52677
S_DIALOG_EVENT = 52685
S_ROUND_START = 52704
C_REQUEST_NONDB_ITEM_INFO = 52719
S_CHAPTERHOUSE_QUEST_LIST = 52740
C_START_SERVANT_ACTIVE_SKILL = 52755
S_PK_END = 52814
C_REPLY_TELEPORT = 52856
C_EDIT_FRIEND_GROUP = 52870
C_FACIAL_ATTACHMENT = 52903
C_CREATE_USER = 52926
S_CONFIRM_INVITE_CODE_BUTTON = 52930
C_REMOVE_COLORING_POTION = 52946
S_PARCEL_READ_RECV_STATUS = 52958
S_FAIL_LOOT_NON_OWNERSHIP = 52960
S_KUMAS_BOSS_BATTLE_FIELD_BOARD = 52967
S_CITYWAR_WARNING_UNDERATTACK = 52972
S_TEMPER_RESULT = 53020
S_PVP_LEADER_BOARD_INFO = 53030
C_PARTY_LOOTING_METHOD_VOTE = 53046
S_PENDING_TRANSFORM_DATA = 53067
S_UPDATE_EVENT_MATCHING_BONUS_INFO = 53077
S_DUNGEON_WORK_UPDATE_MEDAL_COUNT = 53100
S_DUNGEON_RANK_END_POINT = 53111
S_GMEVENT_CONFIRM_LEAVE_EVENT = 53116
S_TRADE_BAG_DONE = 53120
S_DEL_INTER_PARTY_MATCH_POOL = 53132
S_LORD_GUARD_INFO = 53158
S_USER_LOCATION = 53162
S_DARK_RIFT_DEFENCE_OBJECT_INIT = 53163
S_FIELD_EVENT_ON_ENTER = 53164
S_CHANGE_EP_EXP_DAILY_LIMIT = 53179
S_TRADE_BROKER_CALC_NOTIFY = 53181
S_CHAT_REPORT = 53286
C_SEND_UI_LOG = 53310
C_POINT_STORE_BUY_DEL_BASKET = 53319
S_INIT_FREE_FIGHT_BATTLE_FIELD = 53327
C_ADMIN_GMEVENT_OFF = 53330
S_GROUP_DUEL_FIN = 53359
S_CANNON_BATTLE_FIELD_BOARD = 53368
S_INGAME_CHANGE_USER_APPEARANCE_START = 53403
S_PARTY_INFO = 53457
C_CONFIRM_SERVANT_AUTO_FEED_INFO = 53461
S_DELETE_ALL_PRODUCT = 53464
S_INIT_WORLD_OF_TANK_BATTLE_FIELD = 53483
S_CARD_DATA = 53555
C_REQUEST_FLY_MOVE_INFO = 53660
S_COMBO_START = 53671
C_CONFIRM_EVENT_SYSTEM = 53675
C_USER_AIM_TO = 53729
S_COMPLETE_LOOP_QUEST = 53749
C_REQUEST_GUILD_LIST_SORT = 53768
S_RESULT_EVENT_SEED = 53814
S_OPEN_GUILD_FLAG_WINDOW = 53815
S_DUNGEON_CLEAR_COUNT_LIST = 53818
C_JOIN_GROUP_DUEL = 53821
S_GROUND_EFFECT = 53862
S_ACCOMPLISH_ACHIEVEMENT = 53869
C_COMPLETE_QUEST = 53880
S_PETITION_CHAT_END = 53891
C_REQUEST_STACK_ATTENDANCE_EVENT_INFO_UPDATE = 53910
S_SOCIAL = 53933
S_PREMIUM_COMPOSE_UI_INFO = 53943
S_REQUEST_REACTION_POS_TICK = 53954
S_PETITION_CHECK_SURVEYABLE = 53974
C_UNEQUIP_SERVANT_ITEM = 54000
S_UPDATE_BIDDING_COUNT = 54027
S_SHOW_AWESOMIUMWEB_SHOP = 54046
S_PREPARE_WORKOBJECT = 54057
C_TELEPORT_TO_POS = 54074
C_ITEMSYNTHESIZER_REQUEST_CANCEL = 54075
S_PARTY_MEMBER_CHANGE_STAMINA = 54099
S_REQUEST_CONTRACT = 54156
S_PARTY_MEMBER_ABNORMAL_REFRESH = 54159
C_ADMIN_GET_USER_INFO_BY_DBID = 54194
S_CHECK_EVENT_SYSTEM_REWARD = 54227
S_UPDATE_EVENT_SEED_STATE = 54243
C_START_EXTRACT = 54303
S_INSTANT_MOVE = 54340
S_SPAWN_DROPITEM = 54350
S_DUNGEON_GUIDE_ON = 54372
C_CHANGE_LOOKS_SERVANT = 54405
C_CHECK_EVENT_SYSTEM_REWARD = 54413
S_UPDATE_VM_SELLBUY_WINDOW = 54455
S_TUTORIAL_PLAY_FINISHED = 54467
S_SAVE_CLIENT_CHAT_OPTION_SETTING = 54470
S_SNOW_EVENT_BATTLE_FIELD_BOARD = 54506
S_CARD_DATA_RESET = 54523
S_CHECK_TO_OPPOSITE_DECLARE_GUILD_WAR = 54626
S_REQUEST_SERVANT_AUTO_FEED_INFO = 54655
S_CREATURE_CHANGE_HP = 54657
C_REQUEST_USER_PAPERDOLL_INFO = 54663
S_UPDATE_GAMBLE_BOX_STATE = 54683
C_WRITE_BOARD = 54695
C_REGISTER_VM_SELL_ITEM = 54701
S_CANNON_BATTLE_FIELD_RESULT = 54748
S_REQUEST_SERVANT_LEVEL_UP = 54753
S_REQUEST_SERVANT_COMPOSE = 54774
S_CANCEL_VOTE_RESET_ALL_DUNGEON = 54781
S_VIEW_COMBINE_BATTLE_FIELD_RANKING = 54796
S_START_CHAT_BAN = 54798
C_REGISTER_REPAIR_ITEM = 54804
S_GET_IN_SHUTTLE = 54809
S_PUSHED_BY_SHIELD = 54838
S_COMBATLOG_CURRENT_AGGRO_LIST = 54876
S_CHANGE_EVENT_MATCHING_STATE = 54969
S_BATTLE_FIELD_USER_KILL_MESSAGE = 54983
C_REQUEST_LEARN_GUILD_PERK = 54984
C_SHOW_PETMANAGER = 54993
S_USER_EFFECT = 55003
S_CANNOT_USE_CHAT_CHANNEL = 55024
S_GUILD_TOWER_INFO = 55032
S_UPDATE_GUILD_ANNOUNCE = 55045
S_START_FISHING_MINIGAME = 55113
C_PLAY_EXECUTE_TEMPER = 55124
S_REQUEST_INVITE_GUILD_TAG = 55131
S_UNREGISTER_REPAIR_ITEM = 55151
S_CHANGE_LOOKS_PREMIUM_START = 55157
C_CHAT_REPORT = 55174
S_SHOW_TRADE_ITEM = 55192
S_BATTLE_FIELD_USER_ASSIST_EVENT = 55228
S_DEACTIVATE_CARD_COMBINE_LIST = 55232
S_ANNOUNCE_UPDATE_NOTIFICATION = 55364
C_SHOW_TRADE_LOG = 55373
C_SIMPLE_TIP_REPEAT_CHECK = 55382
S_SIMPLE_TIP_REPEAT_CHECK = 55390
C_REQUEST_SERVANT_INFO_LIST = 55406
S_SHOW_DARKRIFT_USER_HP = 55432
S_AVAILABLE_EVENT_MATCHING_LIST = 55436
C_SHOW_PARCEL_MESSAGE = 55468
S_USER_SITUATION = 55510
S_MATERIAL_CHANGE = 55544
S_ABNORMALITY_RESIST = 55569
C_ENCHANT_BOOSTER_START = 55649
C_WAREHOUSE_AUTO_SORT = 55716
S_SHOW_PARCEL_MESSAGE = 55726
S_PREPARE_DONE_WORKOBJECT = 55747
C_REPLY_THROUGH_ARBITER_CONTRACT = 55782
S_SNOW_EVENT_BATTLE_FIELD_RESULT = 55784
S_COUPON_DATA = 55802
S_UPDATE_STACK_ATTENDANCE_EVENT_RESET_TIME = 55812
S_TEMPER_MATERIALS = 55834
C_UNMOUNT_VEHICLE_EX = 55865
S_LOAD_SKILL_SCRIPT_LIST = 55867
C_REQUEST_PING = 55895
S_SPAWN_TARGET_OBJECT = 55900
S_TERRITORY_STEP_PROGRESS = 55921
S_BONFIRE_STATUS = 55943
C_CHANGE_GUILDNAME = 55947
C_EVENT_MATCHING_DUNGEON_DETAIL_INFO = 55982
S_CANCEL_VOTE_DISMISS_PARTY = 56050
C_MOVE_SLOT_IN_GROUP_DUEL = 56077
S_BATTLE_FIELD_PARTY_MARKER = 56089
C_PARTY_MARKER = 56096
S_SHOW_PARCEL = 56102
S_LORD_OPEN_REGISTER_WINDOW = 56121
S_PETITION_CANCEL = 56123
S_INIT_SNOW_EVENT_BATTLE_FIELD = 56135
S_PET_ATTACKED = 56192
S_USER_PAPERDOLL_INFO = 56220
S_CHANGE_GUILD_CHIEF = 56255
S_RESULT_REPAIR_ITEM = 56259
S_NOTIFY_BATTLE_FIELD_CHAT_BAN = 56263
S_LEAVE_PARTY_MEMBER = 56267
C_TRADE_BROKER_DEAL_PRICE_UPDATE = 56269
S_INIT_BASE_POINT_BATTLE_FIELD = 56290
S_SYSTEM_REWARD_MESSAGE = 56302
C_BATTLE_FIELD_MAP_ALARM = 56318
S_CANCEL_SELECT_CHANNEL = 56331
C_START_VM_BUY = 56391
C_PET_LEVEL_UP_ITEM_REMOVE_FROM_LIST = 56394
S_START_GUILD_WAR = 56416
C_GUARD_PK_POLICY = 56434
C_UNREGIST_CUSTOMIZING_PARTS_SHAPE_ITEM = 56443
S_PARTY_MARKER = 56452
S_INSTANT_CATCH = 56453
S_START_COOLTIME_SERVANT_SKILL = 56531
C_REPLY_TELEPORT_NEAR_TOWN = 56553
C_TOGGLE_GROUP_DUEL_SLOT = 56559
S_FIELD_EVENT_GUIDE = 56598
C_CANCEL_CHANGE_USER_APPEARANCE = 56610
S_CHANGE_CHARACTER = 56621
S_AWAKEN_RESULT = 56690
S_UPDATE_ACHIEVEMENT_PROGRESS = 56703
S_RESULT_BIDDING_DICE_THROW = 56760
S_BROADCAST_FLOATING_CASTLE_INFO = 56771
S_REQUEST_ABILITY_TRANSFER = 56775
S_ROUND_PVE_BATTLE_FIELD_BOARD = 56781
C_DELETE_TELEPORT_TO_POS_LIST = 56814
S_VIEW_BATTLE_FIELD_RANKING_SERVER_LIST = 56851
C_COMMIT_ACCESSORY_TRANSFORM = 56855
S_RESULT_OPEN_DUAL_OPTION = 56860
S_COMBATLOG_ADD_VALUE = 56910
S_FRIEND_LIST = 56965
S_TRADE_BROKER_SUGGEST_DEAL = 56992
C_REQUEST_PARTY_INFO = 56997
S_PK_TAG = 57007
S_SPAWN_GAMBLE_BOX = 57016
C_START_ENCHANT = 57052
C_REQUEST_MYTHICCRAFT = 57074
C_CHECK_CHANGE_GUILDNAME = 57134
C_EXIT = 57155
S_COUNTDOWN_GROUP_DUEL = 57158
S_COMPLETED_MISSION_INFO = 57170
C_REQUEST_USER_PAPERDOLL_INFO_WITH_GAMEID = 57171
S_RP_COMMIT_DECOMPOSITION_CONTRACT = 57219
S_START_ROUND_PVE_ROUND = 57231
C_DEL_FROM_TEMPER_MATERIAL = 57275
S_CHAT = 57278
C_POINT_STORE_BUY_ADD_BASKET = 57297
S_USER_AIM = 57302
S_NPC_MENU_SELECT = 57358
C_GROUP_DUEL_BETTING = 57457
S_COMPLETE_CHRONOSCROLL_USE = 57477
S_SYNC_PEGASUS_TIME = 57485
S_STYLE_SHOP_BUY_TCAT_ITEM = 57488
S_CHANGE_USER_NAME_RESULT = 57505
S_BUY_VIP_STORE_ITEM_SUCCESS = 57528
S_GMEVENT_OX_REPE_QUIZ_OPEN = 57532
S_PET_INFO_CLEAR = 57538
S_PREMIUM_COMPOSE_ADD_ITEM = 57539
C_DUNGEON_RANK_RECORD_LIST = 57546
S_BATTLE_FIELD_MAP_ALARM = 57596
C_CHAT = 57598
S_TRADE_BROKER_REGISTERED_ITEM_LIST = 57642
S_RESULT_USABLE_GUILD_NAME = 57668
C_DELETE_SERVANT_ABILITY = 57713
S_PREVIEW_ITEM = 57725
C_END_FISHING_MINIGAME = 57782
S_CHANGE_GUILDNAME = 57794
S_EVENT_GUIDE = 57808
S_REMOVE_BLOCKED_USER = 57836
S_RESET_ALL_PRODUCT_MARK_EVENT = 57909
C_LIST_CHANNEL = 57944
S_END_PEGASUS = 57957
S_EXTRACT_REGISTERED_ITEM = 57958
C_ADMIN_GMEVENT_STATUS = 57964
C_BIND_ITEM_BEGIN_PROGRESS = 57979
S_DESPAWN_PROJECTILE = 58012
S_UNEQUIP_SERVANT_ITEM = 58044
S_SEND_PARCEL = 58049
S_GET_AOI_INFO = 58051
S_PARTY_MEMBER_ABNORMAL_ADD = 58058
S_DUNGEON_SUMMON_PARTY = 58072
S_VISIT_NEW_SECTION = 58079
S_DESPAWN_COLLECTION = 58080
C_TRY_LOOT_DROPITEM = 58094
S_RESULT_EVOLUTION = 58123
S_PLAYTIME_EVENT_REWARD_DATA = 58131
S_END_FIX_SPIRIT = 58180
S_SHOW_NAME_PLATE_ICON = 58182
S_CONNECT_SKILL_ARROW = 58186
S_GMEVENT_START_EVENT = 58198
C_SHOW_QUEST_INFO_DIALOG = 58232
S_ADMIN_VIP_TEST = 58236
S_DUNGEON_GUIDE_OFF = 58255
S_MATERIAL_PARAM_CHANGE = 58263
S_OBTAIN_TOKEN_ITEM = 58279
C_REQUEST_EQUIPMENT_INHERITANCE = 58298
S_NPC_AI_EVENT = 58308
S_RP_SKILL_POLISHING_CHANGE_OPTION = 58364
S_SHOW_DEAD_UI = 58379
C_END_ITEM_BIDDING = 58409
C_GET_IN_SHUTTLE = 58442
C_PETITION_FEEDBACK = 58451
C_CITY_WAR_INFO_HISTROY = 58453
S_CLOSE_VM_SETTING_WINDOW = 58455
C_CREST_APPLY = 58503
S_DECO_UI_INFO = 58530
C_CANCEL_SELECT_CHANNEL = 58545
S_DARK_RIFT_JOIN_LIST = 58554
S_STRONGHOLD_OCCUPATION_BATTLE_FIELD_STRONGHOLD_INFO = 58588
S_ROUND_PVE_SKILL_INVOKE = 58655
S_RESULT_USABLE_CHARACTER_NAME = 58674
S_ADMIN_DEFAULT_BOOKMARK_LIST = 58728
C_ADMIN_GET_USER_INFO_LIST_BY_DISTANCE = 58755
S_COUPON_LIST = 58765
C_ADMIN_WARNING_MESSAGE = 58787
C_SHOW_TRADE_ITEM = 58846
C_GACHA_CANCEL = 58907
S_ITEMLIST = 58962
S_ADMIN_GET_USERINFO_QUEST = 58989
S_FEARMOVE_END = 58996
C_EQUIPMENT_ENCHANT_SCROLL_USE = 59043
S_RETURN_USER_REWARD_END = 59064
S_DECOMPOSE_REGISTERED_ITEM = 59073
S_FAIL_ENCHANT = 59077
S_REQUEST_SERVANT_EVOLUTION = 59115
S_VIEW_INTER_PARTY_MATCH_BATTLEFIELD_LIST = 59159
S_PARTY_MEMBER_CHARM_ENABLE = 59202
C_GACHA_TRY = 59281
C_UNBIND_ITEM = 59288
S_REPLY_REQUEST_CONTRACT = 59299
S_GAMBLE_END = 59301
S_SELECT_EVENT_MATCHING = 59344
C_UNREGISTER_VM_BUY_ITEM = 59346
C_PLAYER_LOCATION = 59350
S_ITEMSYNTHESIZER_RESULT = 59351
C_ROUND_PVE_SKILL_SELECT = 59371
C_REQUEST_SERVANT_AUTO_POTION_INFO = 59403
C_CANCEL_LOCKON_TARGET = 59412
C_ANSWER_BANNING_PARTY_MEMBER = 59476
S_CAMERA_SHAKE = 59513
S_BOSS_BATTLE_INFO = 59527
C_REQUEST_CHANGE_CHARACTER_NAME = 59534
S_PET_DURABILITY_CHANGE = 59548
C_UPDATE_GUILD_TITLE = 59585
S_VIEW_INTER_PARTY_MATCH_DUNGOEN_LIST = 59606
C_PING = 59644
C_RQ_START_SOCIAL_ON_PROGRESS_DECOMPOSITION = 59656
S_REQUEST_NAME_PREEMPTION = 59659
C_ITEM_COLORING_SET_COLOR = 59666
C_REQUEST_REPUTATION_STORE_TELEPORT = 59671
S_REQUEST_GUILD_FLAG_IMAGE_DATA = 59709
S_SOCIAL_LEARN_RESULT = 59713
S_MY_CONDITION = 59723
S_REQUEST_RENEW_ALL_PARTS_ITEM = 59752
S_PLAYER_CHANGE_MP = 59790
C_SURVEY_ANSWER = 59797
C_REQUEST_SERVANT_AUTO_FEED_INFO = 59830
S_ADD_AWAKEN_CHANGE_DATA = 59854
S_ITEM_COLORING_BAG = 59862
S_START_VM_SELL = 59899
S_PLAYER_VEHICLE_EX_STAT_UPDATE = 59906
S_LORD_RANK_INFO = 59918
C_SIMPLE_TIP_DONT_REPEAT = 60050
S_EVENT_INFO = 60070
S_OPEN_GUARD_INFO_WINDOW = 60097
S_PREPARE_RETURN_TO_LOBBY = 60116
C_REQUEST_FLOATING_CASTLE_PARTS_COOL_TIME = 60128
S_PARTY_MEMBER_INFO = 60134
S_ASK_EXPAND_INVEN_SIZE = 60143
S_PVE_RANKING_LIST = 60199
C_CANCEL_DELETE_USER = 60237
S_LOAD_TELEPORT_TO_POS_LIST = 60248
C_CHANGE_PARTY_MEMBER_AUTHORITY = 60328
C_SHOW_ITEM_TOOLTIP = 60378
S_NPC_OCCUPIER_INFO = 60384
S_END_RESTORE_CUSTOMIZING_PARTS_SHAPE = 60408
S_LEAVE_PRIVATE_CHANNEL = 60419
C_ITEM_COLORING_ADD_ITEM = 60421
C_STYLE_SHOP_BUY_TCAT_ITEM = 60526
S_START_LEVEL_COMPENSATION = 60552
C_REJECT_INVITE_USER_TO_GUILD = 60578
S_USER_CHANGE_NAME = 60598
C_USE_SERVANT_FEED_ITEM = 60618
S_ADD_GUILD_GROUP = 60621
S_FIX_SPIRIT_COMPLETE = 60667
C_TELEPORT_TO_VILLAGE = 60696
S_SEND_PARCEL_TAX = 60708
C_REQUEST_INGAMESTORE_PRODUCT_DETAIL = 60720
C_ADMIN_REQUEST_USERINFO = 60775
S_GUILD_APPLY_COUNT = 60829
S_ITEM_EXTRACT = 60855
S_FIELD_EVENT_PROGRESS_INFO = 60864
S_TRADE_BROKER_CALC_SOLD_ITEM = 60899
S_CURRENT_ELECTION_STATE = 60909
C_PET_EQUIP = 60928
S_UNMOUNT_CARD = 60931
S_DARK_RIFT_SYNC_TIME = 60949
S_EVENT_MATCHING_DUNGEON_DETAIL_INFO = 60965
S_PARTY_MEMBER_QUEST_DATA = 60980
S_OPEN_EPPERK_RESET_POPUP = 61024
C_REQUEST_INVITE_GUILD_LIST_PAGE = 61047
S_EMITTER = 61084
S_POST_PROCESS = 61085
S_DUNGEON_NEWBIE = 61116
C_MOUNT_CARD = 61118
S_GUILD_LEVEL_RANKING_LIST = 61119
C_RETURN_USER_GIFT = 61125
S_GACHA_CANCEL = 61128
C_UNMOUNT_CARD = 61151
S_RESET_SKILL = 61161
S_DELETE_PARCEL = 61172
C_END_STYLE_SHOP = 61193
S_NOTIFY_GUILD_WAR_STATUS_CHANGE = 61244
C_DEL_TRADE_BAG = 61262
C_DUNGEON_WORK_RETRY = 61275
C_REQUEST_OTHERS_ACTIVATE_CARD_COMBINE_LIST_DATA_WITH_GAMEID = 61366
S_INGAMESHOP_CATEGORY_END = 61369
S_LEARN_EP_PERK = 61395
C_REQUEST_ITEM_COLORING_VALUE = 61416
S_CHECK_TO_READY_PARTY_FIN = 61460
S_CANNON_BATTLE_FIELD_GUARDTOWER_STATUS = 61488
C_REQUEST_CLIENT_UI_SETTING = 61524
S_PREPARE_SELECT_CHANNEL = 61535
C_GUILD_STORE_COMMIT = 61550
S_SUCCESS_COUNTER = 61552
C_BATTLE_FIELD_BOARD_REQUEST = 61554
S_PLAY_ANIMATION = 61578
S_MYTHICCRAFT_UNREGISTER_MATERIAL_ITEM = 61592
C_CHECK_TO_RAISE_GUILD_WAR = 61611
S_COMPLETE_EVENT_MATCHING_QUEST = 61619
S_NOTIFY_GUILD_QUEST_URGENT = 61639
S_PREMIUM_COMPOSE_DEL_ITEM = 61665
S_NPC_LOCATION = 61687
C_ACCEPT_GUILD_APPLY = 61708
S_SERVANT_ABILITY = 61728
C_SET_GUILD_JOIN_CONDITION = 61744
S_ITEMSYNTHESIZER_MATERIAL = 61749
C_REQUEST_RESET_EPPERK = 61795
S_WAITING_LIST = 61821
S_ENABLE_DISABLE_SELLABLE_ITEM_LIST = 61833
C_GROUP_DUEL_DEL_BETTING_ITEM = 61849
S_FACIAL_ATTACHMENT_BROADCAST = 61868
S_INIT_CANNON_BATTLE_FIELD = 61942
S_LORD_POLICY_SET = 61952
S_CREATE_CHARACTER_RESTRICTION = 61959
S_GUILD_QUEST_LIST = 61989
S_ROUND_RESULT = 62032
S_PUT_INTO_PRISON = 62037
C_ENTER_TELEPORTTERRITORY = 62042
S_CHECK_USERNAME = 62119
S_REQUEST_INGAMESTORE_SALE_PRODUCTLIST = 62181
S_GMEVENT_OX_QUIZ_OPEN = 62189
S_DELETE_USER = 62200
S_SET_KUMAS_BATTLE_FIELD_TREASURE_SCORE = 62230
C_REQUEST_STACK_ATTENDANCE_EVENT_REWARD = 62261
C_CHANGE_USER_LOBBY_SLOT_ID = 62276
S_SEND_CHANGE_REPUTATION_EXP = 62277
S_BATTLE_FIELD_ADD_SCORE = 62278
S_SET_WORKOBJECT = 62280
S_ADD_CHARM_STATUS = 62281
C_BOT_CANDIDATE_INFO = 62293
S_ARENA_FIGHTER_CHANGE_HP = 62297
S_DUNGEON_CHANGE_NPC_ANIM = 62312
S_ROUND_PVE_BATTLE_FIELD_RESULT = 62477
S_DUNGEON_EVENT_MESSAGE = 62486
C_UNREGISTER_COMBINE_ITEM = 62496
C_TRADE_BROKER_BUY_IT_NOW = 62497
C_CONFIRM_INVITE_CODE = 62534
C_START_TARGETED_SKILL = 62596
S_ROUND_PVP_BATTLE_FIELD_RESULT = 62605
S_REPLY_GUILD_LIST = 62619
C_START_CLIMBING = 62632
C_REQUEST_NONDB_MYTHICITEM_TOOLTIP = 62658
S_USER_REPORT = 62699
S_COLLECTION_PICKSTART = 62733
C_COMMIT_VM_TRADE = 62739
C_CANCEL_PENDING = 62750
S_CANCEL_RETURN_TO_LOBBY = 62752
S_VOTE_DISMISS_PARTY = 62810
S_START_GUILD_QUEST = 62822
S_START_FIX_SPIRIT = 62827
S_DUNGEON_RANK_RECORDER = 62835
S_AVAILABLE_SOCIAL_LIST = 62902
S_RESULT_SEREN_GUIDE = 62922
S_RECEIVE_TOKEN_TARGET_ITEM = 62931
S_CHANGE_LOOKS_PREMIUM_RESULT = 62990
S_ADMIN_GET_DUNGEON_USER_LIST = 62998
S_BATTLE_FIELD_STATE = 63026
S_INSTANT_DASH = 63027
C_RECOMMEND_GUILD = 63032
C_SELECT_USER = 63075
C_SET_SERVANT_SEQUENCE = 63086
S_PARTY_MEMBER_LIST = 63095
S_CHECK_NEW_GUILDNAME = 63101
C_QUERY_COIN = 63109
C_APPLY_TITLE = 63119
S_PARTY_MATCH_LINK = 63131
S_VIP_STORE_ITEM_LIST = 63138
S_GET_ATTENDANCE_REWARD = 63156
C_DELIVERY_STORE_DEL_BASKET = 63183
S_UNREGISTER_EVOLUTION_ITEM = 63208
S_INGAMESHOP_PRODUCT_BEGIN = 63217
C_LORD_VOTE_CANDIDATE_LIST = 63233
C_REQUEST_IMAGE_DATA = 63274
S_DEBUG_REMOTE_PROJECTILE_POS = 63281
C_INGAME_CHANGE_USER_APPEARANCE_CANCEL = 63299
S_TRADE_BROKER_BUY_IT_NOW = 63312
C_USE_JUMPGEAR = 63401
S_LOADING_SCREEN_CONTROL_INFO = 63428
S_DUNGEON_VEHICLE_REPAIRABLE = 63463
C_REQUEST_DEMOLISH_GUILD_TOWER = 63469
C_LORD_CHANGE_GREETINGS = 63496
C_REMOVE_BLOCKED_USER = 63499
S_ITEM_IDENTIFY_RESULT = 63538
C_CHANGE_VM_MODE = 63545
C_GAMBLE_TRY = 63558
S_CREATE_GUILD_RESULT = 63565
C_MYTHICCRAFT_REGISTER_MATERIAL_ITEM = 63567
S_QUEST_VILLAGER_INFO = 63577
S_ENCHANT_SCROLL_RESULT = 63582
S_UNEQUIP_ITEM = 63612
S_PRIVATE_CHANNEL_NOTICE = 63643
S_UPDATE_GUILD_FLAG = 63644
S_SHOW_ARTISAN_MENU = 63663
S_INIT_KUMAS_BOSS_BATTLE_FIELD = 63696
S_BAN_PARTY_MEMBER = 63697
C_FINDNAME = 63702
S_PARTY_MEMBER_STAT_UPDATE = 63715
S_UNMOUNT_VEHICLE = 63731
C_ADMIN_GMEVENT_OX_QUIZ_NEXT_REPE_QUIZ = 63738
C_GET_USER_GUILD_LOGO = 63750
C_REQUEST_SERVANT_EVOLUTION = 63763
S_GUILD_HISTORY = 63801
C_DECOMPOSE_REGISTER_ITEM = 63804
C_SAVE_CLIENT_ACCOUNT_SETTING = 63837
S_CLEAR_QUEST_INFO = 63858
S_SKILL_ATTENTION_TARGET = 63862
C_CHANGE_PARTY_MANAGER = 63893
S_ONGOING_LEVEL_EVENT_LIST = 63903
C_MOUNT_VEHICLE_EX = 63952
C_ADD_TRADE_BAG = 63961
S_CHANGE_EP_POINT = 63965
S_ADMIN_GET_USERINFO_WAREHOUSE = 63966
C_REQUEST_SERVANT_COMPOSE = 63976
S_PLAYER_STAT_UPDATE = 63999
C_APPLY_PARTY = 64008
S_NOTIFY_BATTLE_FIELD_NPC_SPAWN = 64021
S_LOGIN = 64081
S_CANCEL_PARTY_MATCH_POOL = 64104
S_ADD_INTER_PARTY_MATCH_POOL = 64105
S_DUNGEON_WORK_ENTER = 64178
S_ENEMY_BATTLE_FIELD_COMMANDER_CHANGED = 64260
C_TRADE_BROKER_DEAL_CONFIRM = 64261
C_PETITION_CHAT_USER_MESSAGE = 64282
S_HIDE_HP = 64315
C_REQUEST_SERVANT_LEVEL_UP = 64350
S_ARTISAN_RECIPE_LIST = 64351
C_USER_AIM = 64352
C_START_COMMANDER_SKILL = 64363
S_SHOW_GUILD_QUEST_LIST = 64458
S_FISHING_CATCH = 64488
C_RECEIVE_PLAYTIME_EVENT_REWARD = 64515
S_CANCEL_DELETE_USER = 64538
S_PLAY_EVENT_SOUND = 64582
S_INGAMESHOP_PRODUCT_ITEMID = 64614
S_EMITTER_SET_Z = 64619
C_END_RESTORE_CUSTOMIZING_PARTS_SHAPE = 64629
S_OPEN_CITY_WAR_SEASON_HISTORY = 64646
C_START_FIX_SPIRIT = 64686
S_DUEL_TAG = 64709
S_DELETE_GUILD_TOWER_MY_GUILD = 64716
C_UPDATE_CONTENTS_PLAYTIME = 64736
C_BANISH_GUILD_MEMBER = 64779
S_PARTY_MEMBER_ABNORMAL_DEL = 64807
S_ARENA_END_FIGHT = 64814
S_COUPON_NOTIFY = 64824
S_UPDATE_GUILD_QUEST_STATUS = 64861
C_REQUEST_BATTLE_FIELD_CHAT_BAN = 64874
S_POLITICS_POINT_STORE_SELL_LIST = 64890
C_REMOVE_GUILDGROUP = 64896
S_EQUIP_ITEM = 64921
C_REQUEST_EVOLUTION = 64923
C_REQUEST_LATEST_UPDATE_NOTIFICATION = 64945
S_SHOW_PARTY_MATCH_INFO = 64946
C_CRYSTAL_COMBINE_EXECUTE = 64957
C_SAVE_CLIENT_USER_SETTING = 64972
C_ENTER_BATTLE_FIELD = 65015
S_DUNGEON_RANK_RECORD_LIST = 65093
S_PARTY_MEMBER_BUFF_UPDATE = 65111
C_BLOCK_USER = 65116
S_OP_COMMAND = 65138
C_CANCEL_FIX_SPIRIT = 65208
S_SET_AWESOMIUM_WEB_URL = 65249
S_DESTROY_GUILD_TOWER = 65252
C_TELEPORT_DARK_RIFT = 65273
C_TEL_CAMP = 65277
C_DUNGEON_WORK_POINT_STORE_COMMIT = 65294
C_CHECK_TO_READY_PARTY = 65310
C_UNREGISTER_ENCHANT_ITEM = 65320
S_MINIGAME_WAIT = 65326
S_DUNGEON_CLEAR = 65360
C_DELETE_USER = 65379
C_REQUEST_OTHERS_CARD_DATA_WITH_GAMEID = 65390
S_EVENT_QUEST_SUMMARY = 65433
S_INIT_SEREN_GUIDE = 65434
C_NOTIMELINE_SKILL = 65450
S_CLEAR_ALL_HOLDED_ABNORMALITY = 65466